#! /usr/bin/vvp
:ivl_version "12.0 (stable)";
:ivl_delay_selection "TYPICAL";
:vpi_time_precision - 12;
:vpi_module "/usr/lib/x86_64-linux-gnu/ivl/system.vpi";
:vpi_module "/usr/lib/x86_64-linux-gnu/ivl/vhdl_sys.vpi";
:vpi_module "/usr/lib/x86_64-linux-gnu/ivl/vhdl_textio.vpi";
:vpi_module "/usr/lib/x86_64-linux-gnu/ivl/v2005_math.vpi";
:vpi_module "/usr/lib/x86_64-linux-gnu/ivl/va_math.vpi";
:vpi_module "/usr/lib/x86_64-linux-gnu/ivl/v2009.vpi";
S_0x6036488024c0 .scope package, "$unit" "$unit" 2 1;
 .timescale 0 0;
S_0x603648802650 .scope module, "bit_stuffing" "bit_stuffing" 3 3;
 .timescale -9 -12;
    .port_info 0 /INPUT 1 "clk";
    .port_info 1 /INPUT 1 "rst_n";
    .port_info 2 /INPUT 1 "bit_in";
    .port_info 3 /INPUT 1 "valid_in";
    .port_info 4 /OUTPUT 1 "bit_out";
    .port_info 5 /OUTPUT 1 "valid_out";
    .port_info 6 /OUTPUT 1 "ready_out";
P_0x603648827740 .param/l "NORMAL" 0 3 17, C4<0>;
P_0x603648827780 .param/l "STUFF" 0 3 18, C4<1>;
L_0x7776a7f4b018 .functor BUFT 1, C4<0>, C4<0>, C4<0>, C4<0>;
L_0x6036488526f0 .functor XNOR 1, v0x6036488523d0_0, L_0x7776a7f4b018, C4<0>, C4<0>;
v0x60364882b3f0_0 .net/2u *"_ivl_0", 0 0, L_0x7776a7f4b018;  1 drivers
o0x7776a7f94048 .functor BUFZ 1, C4<z>; HiZ drive
v0x603648851e90_0 .net "bit_in", 0 0, o0x7776a7f94048;  0 drivers
v0x603648851f50_0 .var "bit_out", 0 0;
o0x7776a7f940a8 .functor BUFZ 1, C4<z>; HiZ drive
v0x603648851ff0_0 .net "clk", 0 0, o0x7776a7f940a8;  0 drivers
v0x6036488520b0_0 .var "count", 2 0;
v0x603648852190_0 .var "prev_bit", 0 0;
v0x603648852250_0 .net "ready_out", 0 0, L_0x6036488526f0;  1 drivers
o0x7776a7f94168 .functor BUFZ 1, C4<z>; HiZ drive
v0x603648852310_0 .net "rst_n", 0 0, o0x7776a7f94168;  0 drivers
v0x6036488523d0_0 .var "state", 0 0;
o0x7776a7f941c8 .functor BUFZ 1, C4<z>; HiZ drive
v0x603648852490_0 .net "valid_in", 0 0, o0x7776a7f941c8;  0 drivers
v0x603648852550_0 .var "valid_out", 0 0;
E_0x60364883bdf0/0 .event negedge, v0x603648852310_0;
E_0x60364883bdf0/1 .event posedge, v0x603648851ff0_0;
E_0x60364883bdf0 .event/or E_0x60364883bdf0/0, E_0x60364883bdf0/1;
    .scope S_0x603648802650;
T_0 ;
    %wait E_0x60364883bdf0;
    %load/vec4 v0x603648852310_0;
    %nor/r;
    %flag_set/vec4 8;
    %jmp/0xz  T_0.0, 8;
    %pushi/vec4 0, 0, 1;
    %assign/vec4 v0x603648852550_0, 0;
    %pushi/vec4 0, 0, 1;
    %assign/vec4 v0x603648851f50_0, 0;
    %pushi/vec4 0, 0, 1;
    %assign/vec4 v0x603648852190_0, 0;
    %pushi/vec4 0, 0, 3;
    %assign/vec4 v0x6036488520b0_0, 0;
    %pushi/vec4 0, 0, 1;
    %assign/vec4 v0x6036488523d0_0, 0;
    %jmp T_0.1;
T_0.0 ;
    %pushi/vec4 0, 0, 1;
    %assign/vec4 v0x603648852550_0, 0;
    %load/vec4 v0x6036488523d0_0;
    %dup/vec4;
    %pushi/vec4 0, 0, 1;
    %cmp/u;
    %jmp/1 T_0.2, 6;
    %dup/vec4;
    %pushi/vec4 1, 0, 1;
    %cmp/u;
    %jmp/1 T_0.3, 6;
    %pushi/vec4 0, 0, 1;
    %assign/vec4 v0x6036488523d0_0, 0;
    %jmp T_0.5;
T_0.2 ;
    %load/vec4 v0x603648852490_0;
    %flag_set/vec4 9;
    %flag_get/vec4 9;
    %jmp/0 T_0.8, 9;
    %load/vec4 v0x603648852250_0;
    %and;
T_0.8;
    %flag_set/vec4 8;
    %jmp/0xz  T_0.6, 8;
    %pushi/vec4 1, 0, 1;
    %assign/vec4 v0x603648852550_0, 0;
    %load/vec4 v0x603648851e90_0;
    %assign/vec4 v0x603648851f50_0, 0;
    %load/vec4 v0x603648851e90_0;
    %load/vec4 v0x603648852190_0;
    %cmp/e;
    %jmp/0xz  T_0.9, 4;
    %load/vec4 v0x6036488520b0_0;
    %addi 1, 0, 3;
    %assign/vec4 v0x6036488520b0_0, 0;
    %jmp T_0.10;
T_0.9 ;
    %pushi/vec4 1, 0, 3;
    %assign/vec4 v0x6036488520b0_0, 0;
T_0.10 ;
    %load/vec4 v0x603648851e90_0;
    %load/vec4 v0x603648852190_0;
    %cmp/e;
    %flag_get/vec4 4;
    %jmp/0 T_0.13, 4;
    %load/vec4 v0x6036488520b0_0;
    %pushi/vec4 4, 0, 3;
    %cmp/e;
    %flag_get/vec4 4;
    %and;
T_0.13;
    %flag_set/vec4 8;
    %jmp/0xz  T_0.11, 8;
    %pushi/vec4 1, 0, 1;
    %assign/vec4 v0x6036488523d0_0, 0;
T_0.11 ;
    %load/vec4 v0x603648851e90_0;
    %assign/vec4 v0x603648852190_0, 0;
T_0.6 ;
    %jmp T_0.5;
T_0.3 ;
    %pushi/vec4 1, 0, 1;
    %assign/vec4 v0x603648852550_0, 0;
    %load/vec4 v0x603648852190_0;
    %inv;
    %assign/vec4 v0x603648851f50_0, 0;
    %load/vec4 v0x603648852190_0;
    %inv;
    %assign/vec4 v0x603648852190_0, 0;
    %pushi/vec4 1, 0, 3;
    %assign/vec4 v0x6036488520b0_0, 0;
    %pushi/vec4 0, 0, 1;
    %assign/vec4 v0x6036488523d0_0, 0;
    %jmp T_0.5;
T_0.5 ;
    %pop/vec4 1;
T_0.1 ;
    %jmp T_0;
    .thread T_0;
# The file index is used to find the file name in the following table.
:file_names 4;
    "N/A";
    "<interactive>";
    "-";
    "/workspaces/CAN_Bus_cocotb/rtl/bit_stuffing.sv";
