Running Test: All 0's
[CMP 1] EXP=0 ACT=0

[CMP 2] EXP=0 ACT=0

[CMP 3] EXP=0 ACT=0

[CMP 4] EXP=0 ACT=0

[CMP 5] EXP=0 ACT=0

[CMP 6] EXP=0 ACT=0

[CMP 7] EXP=0 ACT=0

[CMP 8] EXP=0 ACT=0

[CMP 9] EXP=0 ACT=0

[CMP 10] EXP=0 ACT=0

[CMP 11] EXP=0 ACT=0

[CMP 12] EXP=0 ACT=0

[CMP 13] EXP=0 ACT=0

[CMP 14] EXP=0 ACT=0

[CMP 15] EXP=0 ACT=0

[CMP 16] EXP=0 ACT=0

[CMP 17] EXP=0 ACT=0

[CMP 18] EXP=0 ACT=0

[CMP 19] EXP=0 ACT=0

[CMP 20] EXP=0 ACT=0

[CMP 21] EXP=0 ACT=0

[CMP 22] EXP=0 ACT=0

[CMP 23] EXP=0 ACT=0

[CMP 24] EXP=0 ACT=0

[CMP 25] EXP=0 ACT=0

[CMP 26] EXP=0 ACT=0

[CMP 27] EXP=0 ACT=0

[CMP 28] EXP=0 ACT=0

[CMP 29] EXP=0 ACT=0

[CMP 30] EXP=0 ACT=0

[CMP 31] EXP=0 ACT=0

[CMP 32] EXP=0 ACT=0

[CMP 33] EXP=0 ACT=0

[CMP 34] EXP=0 ACT=0

[CMP 35] EXP=0 ACT=0

[CMP 36] EXP=0 ACT=0

[CMP 37] EXP=0 ACT=0

[CMP 38] EXP=0 ACT=0

[CMP 39] EXP=0 ACT=0

[CMP 40] EXP=0 ACT=0

[CMP 41] EXP=0 ACT=0

[CMP 42] EXP=0 ACT=0

[CMP 43] EXP=0 ACT=0

[CMP 44] EXP=0 ACT=0

[CMP 45] EXP=0 ACT=0

[CMP 46] EXP=0 ACT=0

[CMP 47] EXP=0 ACT=0

[CMP 48] EXP=0 ACT=0

[CMP 49] EXP=0 ACT=0

[CMP 50] EXP=0 ACT=0

[CMP 51] EXP=0 ACT=0

[CMP 52] EXP=0 ACT=0

[CMP 53] EXP=0 ACT=0

[CMP 54] EXP=0 ACT=0

[CMP 55] EXP=0 ACT=0

[CMP 56] EXP=0 ACT=0

[CMP 57] EXP=0 ACT=0

[CMP 58] EXP=0 ACT=0

[CMP 59] EXP=0 ACT=0

[CMP 60] EXP=0 ACT=0

[CMP 61] EXP=0 ACT=0

[CMP 62] EXP=0 ACT=0

[CMP 63] EXP=0 ACT=0

[CMP 64] EXP=0 ACT=0

[CMP 65] EXP=0 ACT=0

[CMP 66] EXP=0 ACT=0

[CMP 67] EXP=0 ACT=0

[CMP 68] EXP=0 ACT=0

[CMP 69] EXP=0 ACT=0

[CMP 70] EXP=0 ACT=0

[CMP 71] EXP=0 ACT=0

[CMP 72] EXP=0 ACT=0

[CMP 73] EXP=0 ACT=0

[CMP 74] EXP=0 ACT=0

[CMP 75] EXP=0 ACT=0

[CMP 76] EXP=0 ACT=0

[CMP 77] EXP=0 ACT=0

[CMP 78] EXP=0 ACT=0

[CMP 79] EXP=0 ACT=0

[CMP 80] EXP=0 ACT=0

[CMP 81] EXP=0 ACT=0

[CMP 82] EXP=0 ACT=0

[CMP 83] EXP=0 ACT=0

[CMP 84] EXP=0 ACT=0

[CMP 85] EXP=0 ACT=0

[CMP 86] EXP=0 ACT=0

[CMP 87] EXP=0 ACT=0

[CMP 88] EXP=0 ACT=0

[CMP 89] EXP=0 ACT=0

[CMP 90] EXP=0 ACT=0

[CMP 91] EXP=0 ACT=0

[CMP 92] EXP=0 ACT=0

[CMP 93] EXP=0 ACT=0

[CMP 94] EXP=0 ACT=0

[CMP 95] EXP=0 ACT=0

[CMP 96] EXP=0 ACT=0

[CMP 97] EXP=0 ACT=0

[CMP 98] EXP=0 ACT=0

[CMP 99] EXP=0 ACT=0

[CMP 100] EXP=0 ACT=0

[CMP 101] EXP=0 ACT=0

[CMP 102] EXP=0 ACT=0

[CMP 103] EXP=0 ACT=0

[CMP 104] EXP=0 ACT=0

[CMP 105] EXP=0 ACT=0

[CMP 106] EXP=0 ACT=0

[CMP 107] EXP=0 ACT=0

[CMP 108] EXP=0 ACT=0

[CMP 109] EXP=0 ACT=0

[CMP 110] EXP=0 ACT=0

[CMP 111] EXP=0 ACT=0

[CMP 112] EXP=0 ACT=0

[CMP 113] EXP=0 ACT=0

[CMP 114] EXP=0 ACT=0

[CMP 115] EXP=0 ACT=0

[CMP 116] EXP=0 ACT=0

[CMP 117] EXP=0 ACT=0

[CMP 118] EXP=0 ACT=0

[CMP 119] EXP=0 ACT=0

[CMP 120] EXP=0 ACT=0

[CMP 121] EXP=0 ACT=0

[CMP 122] EXP=0 ACT=0

[CMP 123] EXP=0 ACT=0

[CMP 124] EXP=0 ACT=0

[CMP 125] EXP=0 ACT=0

[CMP 126] EXP=0 ACT=0

[CMP 127] EXP=0 ACT=0

[CMP 128] EXP=0 ACT=0

[CMP 129] EXP=0 ACT=0

[CMP 130] EXP=0 ACT=0

[CMP 131] EXP=0 ACT=0

[CMP 132] EXP=0 ACT=0

[CMP 133] EXP=0 ACT=0

[CMP 134] EXP=0 ACT=0

[CMP 135] EXP=0 ACT=0

[CMP 136] EXP=0 ACT=0

[CMP 137] EXP=0 ACT=0

[CMP 138] EXP=0 ACT=0

[CMP 139] EXP=0 ACT=0

[CMP 140] EXP=0 ACT=0

[CMP 141] EXP=0 ACT=0

[CMP 142] EXP=0 ACT=0

[CMP 143] EXP=0 ACT=0

[CMP 144] EXP=0 ACT=0

[CMP 145] EXP=0 ACT=0

[CMP 146] EXP=0 ACT=0

[CMP 147] EXP=0 ACT=0

[CMP 148] EXP=0 ACT=0

[CMP 149] EXP=0 ACT=0

[CMP 150] EXP=0 ACT=0

[CMP 151] EXP=0 ACT=0

[CMP 152] EXP=0 ACT=0

[CMP 153] EXP=0 ACT=0

[CMP 154] EXP=0 ACT=0

[CMP 155] EXP=0 ACT=0

[CMP 156] EXP=0 ACT=0

[CMP 157] EXP=0 ACT=0

[CMP 158] EXP=0 ACT=0

[CMP 159] EXP=0 ACT=0

[CMP 160] EXP=0 ACT=0

[CMP 161] EXP=0 ACT=0

[CMP 162] EXP=0 ACT=0

[CMP 163] EXP=0 ACT=0

[CMP 164] EXP=0 ACT=0

[CMP 165] EXP=0 ACT=0

[CMP 166] EXP=0 ACT=0

[CMP 167] EXP=0 ACT=0

Completed Test: All 0's


============================================================
Test Name:      All 0's
INP STREAM:
0 0 0 0 0 0 0 0 0 0 0 0 0 0 0 0 0 0 0 0 0 0 0 0 0 0 0 0 0 0 0 0 0 0 0 0 0 0 0 0 0 0 0 0 0 0 0 0 0 0 0 0 0 0 0 0 0 0 0 0 0 0 0 0 0 0 0 0 0 0 0 0 0 0 0 0 0 0 0 0 0 0 0 0 0 0 0 0 0 0 0 0 0 0 0 0 0 0 0 0 0 0 0 0 0 0 0 0 0 0 0 0 0 0 0 0 0 0 0 0 0 0 0 0 0 0 0 0 0 0 0 0 0 0 0 0 0 0 0 0 0 0 0 0 0 0 0 0 0 0 0 0 0 0 0 0 0 0 0 0 0 0 0 0 0 0 0 0 0 0 0 0 0 0 0 0 0 0 0 0 0 0 0 0 0 0 0 0 0 0 0 0 0 0 0 0 0 0 0 0 0

ACT STREAM:
0 0 0 0 0 0 0 0 0 0 0 0 0 0 0 0 0 0 0 0 0 0 0 0 0 0 0 0 0 0 0 0 0 0 0 0 0 0 0 0 0 0 0 0 0 0 0 0 0 0 0 0 0 0 0 0 0 0 0 0 0 0 0 0 0 0 0 0 0 0 0 0 0 0 0 0 0 0 0 0 0 0 0 0 0 0 0 0 0 0 0 0 0 0 0 0 0 0 0 0 0 0 0 0 0 0 0 0 0 0 0 0 0 0 0 0 0 0 0 0 0 0 0 0 0 0 0 0 0 0 0 0 0 0 0 0 0 0 0 0 0 0 0 0 0 0 0 0 0 0 0 0 0 0 0 0 0 0 0 0 0 0 0 0 0 0 0

EXP STREAM:
0 0 0 0 0 0 0 0 0 0 0 0 0 0 0 0 0 0 0 0 0 0 0 0 0 0 0 0 0 0 0 0 0 0 0 0 0 0 0 0 0 0 0 0 0 0 0 0 0 0 0 0 0 0 0 0 0 0 0 0 0 0 0 0 0 0 0 0 0 0 0 0 0 0 0 0 0 0 0 0 0 0 0 0 0 0 0 0 0 0 0 0 0 0 0 0 0 0 0 0 0 0 0 0 0 0 0 0 0 0 0 0 0 0 0 0 0 0 0 0 0 0 0 0 0 0 0 0 0 0 0 0 0 0 0 0 0 0 0 0 0 0 0 0 0 0 0 0 0 0 0 0 0 0 0 0 0 0 0 0 0 0 0 0 0 0 0 0

ERR_ACT : 33
ERR_EXP : 33

COMPARES  : 167
FAILURES  : 0
STUFF ERRORS : EXP=33 ACT=33
============================================================

Running Test: All 1's
[CMP 1] EXP=1 ACT=1

[CMP 2] EXP=1 ACT=1

[CMP 3] EXP=1 ACT=1

[CMP 4] EXP=1 ACT=1

[CMP 5] EXP=1 ACT=1

[CMP 6] EXP=1 ACT=1

[CMP 7] EXP=1 ACT=1

[CMP 8] EXP=1 ACT=1

[CMP 9] EXP=1 ACT=1

[CMP 10] EXP=1 ACT=1

[CMP 11] EXP=1 ACT=1

[CMP 12] EXP=1 ACT=1

[CMP 13] EXP=1 ACT=1

[CMP 14] EXP=1 ACT=1

[CMP 15] EXP=1 ACT=1

[CMP 16] EXP=1 ACT=1

[CMP 17] EXP=1 ACT=1

[CMP 18] EXP=1 ACT=1

[CMP 19] EXP=1 ACT=1

[CMP 20] EXP=1 ACT=1

[CMP 21] EXP=1 ACT=1

[CMP 22] EXP=1 ACT=1

[CMP 23] EXP=1 ACT=1

[CMP 24] EXP=1 ACT=1

[CMP 25] EXP=1 ACT=1

[CMP 26] EXP=1 ACT=1

[CMP 27] EXP=1 ACT=1

[CMP 28] EXP=1 ACT=1

[CMP 29] EXP=1 ACT=1

[CMP 30] EXP=1 ACT=1

[CMP 31] EXP=1 ACT=1

[CMP 32] EXP=1 ACT=1

[CMP 33] EXP=1 ACT=1

[CMP 34] EXP=1 ACT=1

[CMP 35] EXP=1 ACT=1

[CMP 36] EXP=1 ACT=1

[CMP 37] EXP=1 ACT=1

[CMP 38] EXP=1 ACT=1

[CMP 39] EXP=1 ACT=1

[CMP 40] EXP=1 ACT=1

[CMP 41] EXP=1 ACT=1

[CMP 42] EXP=1 ACT=1

[CMP 43] EXP=1 ACT=1

[CMP 44] EXP=1 ACT=1

[CMP 45] EXP=1 ACT=1

[CMP 46] EXP=1 ACT=1

[CMP 47] EXP=1 ACT=1

[CMP 48] EXP=1 ACT=1

[CMP 49] EXP=1 ACT=1

[CMP 50] EXP=1 ACT=1

[CMP 51] EXP=1 ACT=1

[CMP 52] EXP=1 ACT=1

[CMP 53] EXP=1 ACT=1

[CMP 54] EXP=1 ACT=1

[CMP 55] EXP=1 ACT=1

[CMP 56] EXP=1 ACT=1

[CMP 57] EXP=1 ACT=1

[CMP 58] EXP=1 ACT=1

[CMP 59] EXP=1 ACT=1

[CMP 60] EXP=1 ACT=1

[CMP 61] EXP=1 ACT=1

[CMP 62] EXP=1 ACT=1

[CMP 63] EXP=1 ACT=1

[CMP 64] EXP=1 ACT=1

[CMP 65] EXP=1 ACT=1

[CMP 66] EXP=1 ACT=1

[CMP 67] EXP=1 ACT=1

[CMP 68] EXP=1 ACT=1

[CMP 69] EXP=1 ACT=1

[CMP 70] EXP=1 ACT=1

[CMP 71] EXP=1 ACT=1

[CMP 72] EXP=1 ACT=1

[CMP 73] EXP=1 ACT=1

[CMP 74] EXP=1 ACT=1

[CMP 75] EXP=1 ACT=1

[CMP 76] EXP=1 ACT=1

[CMP 77] EXP=1 ACT=1

[CMP 78] EXP=1 ACT=1

[CMP 79] EXP=1 ACT=1

[CMP 80] EXP=1 ACT=1

[CMP 81] EXP=1 ACT=1

[CMP 82] EXP=1 ACT=1

[CMP 83] EXP=1 ACT=1

[CMP 84] EXP=1 ACT=1

[CMP 85] EXP=1 ACT=1

[CMP 86] EXP=1 ACT=1

[CMP 87] EXP=1 ACT=1

[CMP 88] EXP=1 ACT=1

[CMP 89] EXP=1 ACT=1

[CMP 90] EXP=1 ACT=1

[CMP 91] EXP=1 ACT=1

[CMP 92] EXP=1 ACT=1

[CMP 93] EXP=1 ACT=1

[CMP 94] EXP=1 ACT=1

[CMP 95] EXP=1 ACT=1

[CMP 96] EXP=1 ACT=1

[CMP 97] EXP=1 ACT=1

[CMP 98] EXP=1 ACT=1

[CMP 99] EXP=1 ACT=1

[CMP 100] EXP=1 ACT=1

[CMP 101] EXP=1 ACT=1

[CMP 102] EXP=1 ACT=1

[CMP 103] EXP=1 ACT=1

[CMP 104] EXP=1 ACT=1

[CMP 105] EXP=1 ACT=1

[CMP 106] EXP=1 ACT=1

[CMP 107] EXP=1 ACT=1

[CMP 108] EXP=1 ACT=1

[CMP 109] EXP=1 ACT=1

[CMP 110] EXP=1 ACT=1

[CMP 111] EXP=1 ACT=1

[CMP 112] EXP=1 ACT=1

[CMP 113] EXP=1 ACT=1

[CMP 114] EXP=1 ACT=1

[CMP 115] EXP=1 ACT=1

[CMP 116] EXP=1 ACT=1

[CMP 117] EXP=1 ACT=1

[CMP 118] EXP=1 ACT=1

[CMP 119] EXP=1 ACT=1

[CMP 120] EXP=1 ACT=1

[CMP 121] EXP=1 ACT=1

[CMP 122] EXP=1 ACT=1

[CMP 123] EXP=1 ACT=1

[CMP 124] EXP=1 ACT=1

[CMP 125] EXP=1 ACT=1

[CMP 126] EXP=1 ACT=1

[CMP 127] EXP=1 ACT=1

[CMP 128] EXP=1 ACT=1

[CMP 129] EXP=1 ACT=1

[CMP 130] EXP=1 ACT=1

[CMP 131] EXP=1 ACT=1

[CMP 132] EXP=1 ACT=1

[CMP 133] EXP=1 ACT=1

[CMP 134] EXP=1 ACT=1

[CMP 135] EXP=1 ACT=1

[CMP 136] EXP=1 ACT=1

[CMP 137] EXP=1 ACT=1

[CMP 138] EXP=1 ACT=1

[CMP 139] EXP=1 ACT=1

[CMP 140] EXP=1 ACT=1

[CMP 141] EXP=1 ACT=1

[CMP 142] EXP=1 ACT=1

[CMP 143] EXP=1 ACT=1

[CMP 144] EXP=1 ACT=1

[CMP 145] EXP=1 ACT=1

[CMP 146] EXP=1 ACT=1

[CMP 147] EXP=1 ACT=1

[CMP 148] EXP=1 ACT=1

[CMP 149] EXP=1 ACT=1

[CMP 150] EXP=1 ACT=1

[CMP 151] EXP=1 ACT=1

[CMP 152] EXP=1 ACT=1

[CMP 153] EXP=1 ACT=1

[CMP 154] EXP=1 ACT=1

[CMP 155] EXP=1 ACT=1

[CMP 156] EXP=1 ACT=1

[CMP 157] EXP=1 ACT=1

[CMP 158] EXP=1 ACT=1

[CMP 159] EXP=1 ACT=1

[CMP 160] EXP=1 ACT=1

[CMP 161] EXP=1 ACT=1

[CMP 162] EXP=1 ACT=1

[CMP 163] EXP=1 ACT=1

[CMP 164] EXP=1 ACT=1

[CMP 165] EXP=1 ACT=1

[CMP 166] EXP=1 ACT=1

[CMP 167] EXP=1 ACT=1

[CMP 168] EXP=1 ACT=1

Completed Test: All 1's


============================================================
Test Name:      All 1's
INP STREAM:
1 1 1 1 1 1 1 1 1 1 1 1 1 1 1 1 1 1 1 1 1 1 1 1 1 1 1 1 1 1 1 1 1 1 1 1 1 1 1 1 1 1 1 1 1 1 1 1 1 1 1 1 1 1 1 1 1 1 1 1 1 1 1 1 1 1 1 1 1 1 1 1 1 1 1 1 1 1 1 1 1 1 1 1 1 1 1 1 1 1 1 1 1 1 1 1 1 1 1 1 1 1 1 1 1 1 1 1 1 1 1 1 1 1 1 1 1 1 1 1 1 1 1 1 1 1 1 1 1 1 1 1 1 1 1 1 1 1 1 1 1 1 1 1 1 1 1 1 1 1 1 1 1 1 1 1 1 1 1 1 1 1 1 1 1 1 1 1 1 1 1 1 1 1 1 1 1 1 1 1 1 1 1 1 1 1 1 1 1 1 1 1 1 1 1 1 1 1 1 1 1 1

ACT STREAM:
1 1 1 1 1 1 1 1 1 1 1 1 1 1 1 1 1 1 1 1 1 1 1 1 1 1 1 1 1 1 1 1 1 1 1 1 1 1 1 1 1 1 1 1 1 1 1 1 1 1 1 1 1 1 1 1 1 1 1 1 1 1 1 1 1 1 1 1 1 1 1 1 1 1 1 1 1 1 1 1 1 1 1 1 1 1 1 1 1 1 1 1 1 1 1 1 1 1 1 1 1 1 1 1 1 1 1 1 1 1 1 1 1 1 1 1 1 1 1 1 1 1 1 1 1 1 1 1 1 1 1 1 1 1 1 1 1 1 1 1 1 1 1 1 1 1 1 1 1 1 1 1 1 1 1 1 1 1 1 1 1 1 1 1 1 1 1 1

EXP STREAM:
1 1 1 1 1 1 1 1 1 1 1 1 1 1 1 1 1 1 1 1 1 1 1 1 1 1 1 1 1 1 1 1 1 1 1 1 1 1 1 1 1 1 1 1 1 1 1 1 1 1 1 1 1 1 1 1 1 1 1 1 1 1 1 1 1 1 1 1 1 1 1 1 1 1 1 1 1 1 1 1 1 1 1 1 1 1 1 1 1 1 1 1 1 1 1 1 1 1 1 1 1 1 1 1 1 1 1 1 1 1 1 1 1 1 1 1 1 1 1 1 1 1 1 1 1 1 1 1 1 1 1 1 1 1 1 1 1 1 1 1 1 1 1 1 1 1 1 1 1 1 1 1 1 1 1 1 1 1 1 1 1 1 1 1 1 1 1 1 1

ERR_ACT : 33
ERR_EXP : 33

COMPARES  : 168
FAILURES  : 0
STUFF ERRORS : EXP=33 ACT=33
============================================================

Running Test: Alternating 0's and 1's
[CMP 1] EXP=1 ACT=1

[CMP 2] EXP=0 ACT=0

[CMP 3] EXP=1 ACT=1

[CMP 4] EXP=0 ACT=0

[CMP 5] EXP=1 ACT=1

[CMP 6] EXP=0 ACT=0

[CMP 7] EXP=1 ACT=1

[CMP 8] EXP=0 ACT=0

[CMP 9] EXP=1 ACT=1

[CMP 10] EXP=0 ACT=0

[CMP 11] EXP=1 ACT=1

[CMP 12] EXP=0 ACT=0

[CMP 13] EXP=1 ACT=1

[CMP 14] EXP=0 ACT=0

[CMP 15] EXP=1 ACT=1

[CMP 16] EXP=0 ACT=0

[CMP 17] EXP=1 ACT=1

[CMP 18] EXP=0 ACT=0

[CMP 19] EXP=1 ACT=1

[CMP 20] EXP=0 ACT=0

[CMP 21] EXP=1 ACT=1

[CMP 22] EXP=0 ACT=0

[CMP 23] EXP=1 ACT=1

[CMP 24] EXP=0 ACT=0

[CMP 25] EXP=1 ACT=1

[CMP 26] EXP=0 ACT=0

[CMP 27] EXP=1 ACT=1

[CMP 28] EXP=0 ACT=0

[CMP 29] EXP=1 ACT=1

[CMP 30] EXP=0 ACT=0

[CMP 31] EXP=1 ACT=1

[CMP 32] EXP=0 ACT=0

[CMP 33] EXP=1 ACT=1

[CMP 34] EXP=0 ACT=0

[CMP 35] EXP=1 ACT=1

[CMP 36] EXP=0 ACT=0

[CMP 37] EXP=1 ACT=1

[CMP 38] EXP=0 ACT=0

[CMP 39] EXP=1 ACT=1

[CMP 40] EXP=0 ACT=0

[CMP 41] EXP=1 ACT=1

[CMP 42] EXP=0 ACT=0

[CMP 43] EXP=1 ACT=1

[CMP 44] EXP=0 ACT=0

[CMP 45] EXP=1 ACT=1

[CMP 46] EXP=0 ACT=0

[CMP 47] EXP=1 ACT=1

[CMP 48] EXP=0 ACT=0

[CMP 49] EXP=1 ACT=1

[CMP 50] EXP=0 ACT=0

[CMP 51] EXP=1 ACT=1

[CMP 52] EXP=0 ACT=0

[CMP 53] EXP=1 ACT=1

[CMP 54] EXP=0 ACT=0

[CMP 55] EXP=1 ACT=1

[CMP 56] EXP=0 ACT=0

[CMP 57] EXP=1 ACT=1

[CMP 58] EXP=0 ACT=0

[CMP 59] EXP=1 ACT=1

[CMP 60] EXP=0 ACT=0

[CMP 61] EXP=1 ACT=1

[CMP 62] EXP=0 ACT=0

[CMP 63] EXP=1 ACT=1

[CMP 64] EXP=0 ACT=0

[CMP 65] EXP=1 ACT=1

[CMP 66] EXP=0 ACT=0

[CMP 67] EXP=1 ACT=1

[CMP 68] EXP=0 ACT=0

[CMP 69] EXP=1 ACT=1

[CMP 70] EXP=0 ACT=0

[CMP 71] EXP=1 ACT=1

[CMP 72] EXP=0 ACT=0

[CMP 73] EXP=1 ACT=1

[CMP 74] EXP=0 ACT=0

[CMP 75] EXP=1 ACT=1

[CMP 76] EXP=0 ACT=0

[CMP 77] EXP=1 ACT=1

[CMP 78] EXP=0 ACT=0

[CMP 79] EXP=1 ACT=1

[CMP 80] EXP=0 ACT=0

[CMP 81] EXP=1 ACT=1

[CMP 82] EXP=0 ACT=0

[CMP 83] EXP=1 ACT=1

[CMP 84] EXP=0 ACT=0

[CMP 85] EXP=1 ACT=1

[CMP 86] EXP=0 ACT=0

[CMP 87] EXP=1 ACT=1

[CMP 88] EXP=0 ACT=0

[CMP 89] EXP=1 ACT=1

[CMP 90] EXP=0 ACT=0

[CMP 91] EXP=1 ACT=1

[CMP 92] EXP=0 ACT=0

[CMP 93] EXP=1 ACT=1

[CMP 94] EXP=0 ACT=0

[CMP 95] EXP=1 ACT=1

[CMP 96] EXP=0 ACT=0

[CMP 97] EXP=1 ACT=1

[CMP 98] EXP=0 ACT=0

[CMP 99] EXP=1 ACT=1

[CMP 100] EXP=0 ACT=0

[CMP 101] EXP=1 ACT=1

[CMP 102] EXP=0 ACT=0

[CMP 103] EXP=1 ACT=1

[CMP 104] EXP=0 ACT=0

[CMP 105] EXP=1 ACT=1

[CMP 106] EXP=0 ACT=0

[CMP 107] EXP=1 ACT=1

[CMP 108] EXP=0 ACT=0

[CMP 109] EXP=1 ACT=1

[CMP 110] EXP=0 ACT=0

[CMP 111] EXP=1 ACT=1

[CMP 112] EXP=0 ACT=0

[CMP 113] EXP=1 ACT=1

[CMP 114] EXP=0 ACT=0

[CMP 115] EXP=1 ACT=1

[CMP 116] EXP=0 ACT=0

[CMP 117] EXP=1 ACT=1

[CMP 118] EXP=0 ACT=0

[CMP 119] EXP=1 ACT=1

[CMP 120] EXP=0 ACT=0

[CMP 121] EXP=1 ACT=1

[CMP 122] EXP=0 ACT=0

[CMP 123] EXP=1 ACT=1

[CMP 124] EXP=0 ACT=0

[CMP 125] EXP=1 ACT=1

[CMP 126] EXP=0 ACT=0

[CMP 127] EXP=1 ACT=1

[CMP 128] EXP=0 ACT=0

[CMP 129] EXP=1 ACT=1

[CMP 130] EXP=0 ACT=0

[CMP 131] EXP=1 ACT=1

[CMP 132] EXP=0 ACT=0

[CMP 133] EXP=1 ACT=1

[CMP 134] EXP=0 ACT=0

[CMP 135] EXP=1 ACT=1

[CMP 136] EXP=0 ACT=0

[CMP 137] EXP=1 ACT=1

[CMP 138] EXP=0 ACT=0

[CMP 139] EXP=1 ACT=1

[CMP 140] EXP=0 ACT=0

[CMP 141] EXP=1 ACT=1

[CMP 142] EXP=0 ACT=0

[CMP 143] EXP=1 ACT=1

[CMP 144] EXP=0 ACT=0

[CMP 145] EXP=1 ACT=1

[CMP 146] EXP=0 ACT=0

[CMP 147] EXP=1 ACT=1

[CMP 148] EXP=0 ACT=0

[CMP 149] EXP=1 ACT=1

[CMP 150] EXP=0 ACT=0

[CMP 151] EXP=1 ACT=1

[CMP 152] EXP=0 ACT=0

[CMP 153] EXP=1 ACT=1

[CMP 154] EXP=0 ACT=0

[CMP 155] EXP=1 ACT=1

[CMP 156] EXP=0 ACT=0

[CMP 157] EXP=1 ACT=1

[CMP 158] EXP=0 ACT=0

[CMP 159] EXP=1 ACT=1

[CMP 160] EXP=0 ACT=0

[CMP 161] EXP=1 ACT=1

[CMP 162] EXP=0 ACT=0

[CMP 163] EXP=1 ACT=1

[CMP 164] EXP=0 ACT=0

[CMP 165] EXP=1 ACT=1

[CMP 166] EXP=0 ACT=0

[CMP 167] EXP=1 ACT=1

[CMP 168] EXP=0 ACT=0

[CMP 169] EXP=1 ACT=1

[CMP 170] EXP=0 ACT=0

[CMP 171] EXP=1 ACT=1

[CMP 172] EXP=0 ACT=0

[CMP 173] EXP=1 ACT=1

[CMP 174] EXP=0 ACT=0

[CMP 175] EXP=1 ACT=1

[CMP 176] EXP=0 ACT=0

[CMP 177] EXP=1 ACT=1

[CMP 178] EXP=0 ACT=0

[CMP 179] EXP=1 ACT=1

[CMP 180] EXP=0 ACT=0

[CMP 181] EXP=1 ACT=1

[CMP 182] EXP=0 ACT=0

[CMP 183] EXP=1 ACT=1

[CMP 184] EXP=0 ACT=0

[CMP 185] EXP=1 ACT=1

[CMP 186] EXP=0 ACT=0

[CMP 187] EXP=1 ACT=1

[CMP 188] EXP=0 ACT=0

[CMP 189] EXP=1 ACT=1

[CMP 190] EXP=0 ACT=0

[CMP 191] EXP=1 ACT=1

[CMP 192] EXP=0 ACT=0

[CMP 193] EXP=1 ACT=1

[CMP 194] EXP=0 ACT=0

[CMP 195] EXP=1 ACT=1

[CMP 196] EXP=0 ACT=0

[CMP 197] EXP=1 ACT=1

[CMP 198] EXP=0 ACT=0

[CMP 199] EXP=1 ACT=1

[CMP 200] EXP=0 ACT=0

[CMP 201] EXP=0 ACT=0

Completed Test: Alternating 0's and 1's


============================================================
Test Name:      Alternating 0's and 1's
INP STREAM:
1 0 1 0 1 0 1 0 1 0 1 0 1 0 1 0 1 0 1 0 1 0 1 0 1 0 1 0 1 0 1 0 1 0 1 0 1 0 1 0 1 0 1 0 1 0 1 0 1 0 1 0 1 0 1 0 1 0 1 0 1 0 1 0 1 0 1 0 1 0 1 0 1 0 1 0 1 0 1 0 1 0 1 0 1 0 1 0 1 0 1 0 1 0 1 0 1 0 1 0 1 0 1 0 1 0 1 0 1 0 1 0 1 0 1 0 1 0 1 0 1 0 1 0 1 0 1 0 1 0 1 0 1 0 1 0 1 0 1 0 1 0 1 0 1 0 1 0 1 0 1 0 1 0 1 0 1 0 1 0 1 0 1 0 1 0 1 0 1 0 1 0 1 0 1 0 1 0 1 0 1 0 1 0 1 0 1 0 1 0 1 0 1 0 1 0 1 0 1 0 0 0

ACT STREAM:
1 0 1 0 1 0 1 0 1 0 1 0 1 0 1 0 1 0 1 0 1 0 1 0 1 0 1 0 1 0 1 0 1 0 1 0 1 0 1 0 1 0 1 0 1 0 1 0 1 0 1 0 1 0 1 0 1 0 1 0 1 0 1 0 1 0 1 0 1 0 1 0 1 0 1 0 1 0 1 0 1 0 1 0 1 0 1 0 1 0 1 0 1 0 1 0 1 0 1 0 1 0 1 0 1 0 1 0 1 0 1 0 1 0 1 0 1 0 1 0 1 0 1 0 1 0 1 0 1 0 1 0 1 0 1 0 1 0 1 0 1 0 1 0 1 0 1 0 1 0 1 0 1 0 1 0 1 0 1 0 1 0 1 0 1 0 1 0 1 0 1 0 1 0 1 0 1 0 1 0 1 0 1 0 1 0 1 0 1 0 1 0 1 0 1 0 1 0 1 0 0

EXP STREAM:
1 0 1 0 1 0 1 0 1 0 1 0 1 0 1 0 1 0 1 0 1 0 1 0 1 0 1 0 1 0 1 0 1 0 1 0 1 0 1 0 1 0 1 0 1 0 1 0 1 0 1 0 1 0 1 0 1 0 1 0 1 0 1 0 1 0 1 0 1 0 1 0 1 0 1 0 1 0 1 0 1 0 1 0 1 0 1 0 1 0 1 0 1 0 1 0 1 0 1 0 1 0 1 0 1 0 1 0 1 0 1 0 1 0 1 0 1 0 1 0 1 0 1 0 1 0 1 0 1 0 1 0 1 0 1 0 1 0 1 0 1 0 1 0 1 0 1 0 1 0 1 0 1 0 1 0 1 0 1 0 1 0 1 0 1 0 1 0 1 0 1 0 1 0 1 0 1 0 1 0 1 0 1 0 1 0 1 0 1 0 1 0 1 0 1 0 1 0 1 0 0 0

ERR_ACT : 0
ERR_EXP : 0

COMPARES  : 201
FAILURES  : 0
STUFF ERRORS : EXP=0 ACT=0
============================================================

Running Test: Walking 1's
[CMP 1] EXP=0 ACT=0

[CMP 2] EXP=0 ACT=0

[CMP 3] EXP=0 ACT=0

[CMP 4] EXP=0 ACT=0

[CMP 5] EXP=0 ACT=0

[CMP 6] EXP=0 ACT=0

[CMP 7] EXP=0 ACT=0

[CMP 8] EXP=0 ACT=0

[CMP 9] EXP=0 ACT=0

[CMP 10] EXP=0 ACT=0

[CMP 11] EXP=0 ACT=0

[CMP 12] EXP=0 ACT=0

[CMP 13] EXP=0 ACT=0

[CMP 14] EXP=0 ACT=0

[CMP 15] EXP=0 ACT=0

[CMP 16] EXP=0 ACT=0

[CMP 17] EXP=0 ACT=0

[CMP 18] EXP=0 ACT=0

[CMP 19] EXP=0 ACT=0

[CMP 20] EXP=0 ACT=0

[CMP 21] EXP=0 ACT=0

[CMP 22] EXP=0 ACT=0

[CMP 23] EXP=0 ACT=0

[CMP 24] EXP=0 ACT=0

[CMP 25] EXP=0 ACT=0

[CMP 26] EXP=0 ACT=0

[CMP 27] EXP=0 ACT=0

[CMP 28] EXP=0 ACT=0

[CMP 29] EXP=0 ACT=0

[CMP 30] EXP=0 ACT=0

[CMP 31] EXP=0 ACT=0

[CMP 32] EXP=0 ACT=0

[CMP 33] EXP=0 ACT=0

[CMP 34] EXP=0 ACT=0

[CMP 35] EXP=0 ACT=0

[CMP 36] EXP=0 ACT=0

[CMP 37] EXP=0 ACT=0

[CMP 38] EXP=0 ACT=0

[CMP 39] EXP=0 ACT=0

[CMP 40] EXP=0 ACT=0

[CMP 41] EXP=0 ACT=0

[CMP 42] EXP=0 ACT=0

[CMP 43] EXP=0 ACT=0

[CMP 44] EXP=0 ACT=0

[CMP 45] EXP=0 ACT=0

[CMP 46] EXP=0 ACT=0

[CMP 47] EXP=0 ACT=0

[CMP 48] EXP=0 ACT=0

[CMP 49] EXP=0 ACT=0

[CMP 50] EXP=0 ACT=0

[CMP 51] EXP=0 ACT=0

[CMP 52] EXP=0 ACT=0

[CMP 53] EXP=0 ACT=0

[CMP 54] EXP=1 ACT=1

[CMP 55] EXP=0 ACT=0

[CMP 56] EXP=0 ACT=0

[CMP 57] EXP=0 ACT=0

[CMP 58] EXP=0 ACT=0

[CMP 59] EXP=0 ACT=0

[CMP 60] EXP=0 ACT=0

[CMP 61] EXP=0 ACT=0

[CMP 62] EXP=0 ACT=0

[CMP 63] EXP=0 ACT=0

[CMP 64] EXP=0 ACT=0

[CMP 65] EXP=0 ACT=0

[CMP 66] EXP=0 ACT=0

[CMP 67] EXP=0 ACT=0

[CMP 68] EXP=0 ACT=0

[CMP 69] EXP=0 ACT=0

[CMP 70] EXP=0 ACT=0

[CMP 71] EXP=0 ACT=0

[CMP 72] EXP=0 ACT=0

[CMP 73] EXP=0 ACT=0

[CMP 74] EXP=0 ACT=0

[CMP 75] EXP=0 ACT=0

[CMP 76] EXP=0 ACT=0

[CMP 77] EXP=0 ACT=0

[CMP 78] EXP=0 ACT=0

[CMP 79] EXP=0 ACT=0

[CMP 80] EXP=0 ACT=0

[CMP 81] EXP=0 ACT=0

[CMP 82] EXP=0 ACT=0

[CMP 83] EXP=0 ACT=0

[CMP 84] EXP=0 ACT=0

[CMP 85] EXP=0 ACT=0

[CMP 86] EXP=0 ACT=0

[CMP 87] EXP=0 ACT=0

[CMP 88] EXP=0 ACT=0

[CMP 89] EXP=0 ACT=0

[CMP 90] EXP=0 ACT=0

[CMP 91] EXP=0 ACT=0

[CMP 92] EXP=0 ACT=0

[CMP 93] EXP=0 ACT=0

[CMP 94] EXP=0 ACT=0

[CMP 95] EXP=0 ACT=0

[CMP 96] EXP=0 ACT=0

[CMP 97] EXP=0 ACT=0

[CMP 98] EXP=0 ACT=0

[CMP 99] EXP=0 ACT=0

[CMP 100] EXP=0 ACT=0

[CMP 101] EXP=0 ACT=0

[CMP 102] EXP=0 ACT=0

[CMP 103] EXP=0 ACT=0

[CMP 104] EXP=0 ACT=0

[CMP 105] EXP=0 ACT=0

[CMP 106] EXP=0 ACT=0

[CMP 107] EXP=1 ACT=1

[CMP 108] EXP=0 ACT=0

[CMP 109] EXP=0 ACT=0

[CMP 110] EXP=0 ACT=0

[CMP 111] EXP=0 ACT=0

[CMP 112] EXP=0 ACT=0

[CMP 113] EXP=0 ACT=0

[CMP 114] EXP=0 ACT=0

[CMP 115] EXP=0 ACT=0

[CMP 116] EXP=0 ACT=0

[CMP 117] EXP=0 ACT=0

[CMP 118] EXP=0 ACT=0

[CMP 119] EXP=0 ACT=0

[CMP 120] EXP=0 ACT=0

[CMP 121] EXP=0 ACT=0

[CMP 122] EXP=0 ACT=0

[CMP 123] EXP=0 ACT=0

[CMP 124] EXP=0 ACT=0

[CMP 125] EXP=0 ACT=0

[CMP 126] EXP=0 ACT=0

[CMP 127] EXP=0 ACT=0

[CMP 128] EXP=0 ACT=0

[CMP 129] EXP=0 ACT=0

[CMP 130] EXP=0 ACT=0

[CMP 131] EXP=0 ACT=0

[CMP 132] EXP=0 ACT=0

[CMP 133] EXP=0 ACT=0

[CMP 134] EXP=0 ACT=0

[CMP 135] EXP=0 ACT=0

[CMP 136] EXP=0 ACT=0

[CMP 137] EXP=0 ACT=0

[CMP 138] EXP=0 ACT=0

[CMP 139] EXP=0 ACT=0

[CMP 140] EXP=0 ACT=0

[CMP 141] EXP=0 ACT=0

[CMP 142] EXP=0 ACT=0

[CMP 143] EXP=0 ACT=0

[CMP 144] EXP=0 ACT=0

[CMP 145] EXP=0 ACT=0

[CMP 146] EXP=0 ACT=0

[CMP 147] EXP=0 ACT=0

[CMP 148] EXP=0 ACT=0

[CMP 149] EXP=0 ACT=0

[CMP 150] EXP=0 ACT=0

[CMP 151] EXP=0 ACT=0

[CMP 152] EXP=0 ACT=0

[CMP 153] EXP=0 ACT=0

[CMP 154] EXP=0 ACT=0

[CMP 155] EXP=0 ACT=0

[CMP 156] EXP=0 ACT=0

[CMP 157] EXP=0 ACT=0

[CMP 158] EXP=0 ACT=0

[CMP 159] EXP=0 ACT=0

[CMP 160] EXP=1 ACT=1

[CMP 161] EXP=0 ACT=0

[CMP 162] EXP=0 ACT=0

[CMP 163] EXP=0 ACT=0

[CMP 164] EXP=0 ACT=0

[CMP 165] EXP=0 ACT=0

[CMP 166] EXP=0 ACT=0

[CMP 167] EXP=0 ACT=0

[CMP 168] EXP=0 ACT=0

[CMP 169] EXP=0 ACT=0

[CMP 170] EXP=0 ACT=0

Completed Test: Walking 1's


============================================================
Test Name:      Walking 1's
INP STREAM:
0 0 0 0 0 0 0 0 0 0 0 0 0 0 0 0 0 0 0 0 0 0 0 0 0 0 0 0 0 0 0 0 0 0 0 0 0 0 0 0 0 0 0 0 0 0 0 0 0 0 0 0 0 0 0 0 0 0 0 0 0 0 0 1 0 0 0 0 0 0 0 0 0 0 0 0 0 0 0 0 0 0 0 0 0 0 0 0 0 0 0 0 0 0 0 0 0 0 0 0 0 0 0 0 0 0 0 0 0 0 0 0 0 0 0 0 0 0 0 0 0 0 0 0 0 0 1 0 0 0 0 0 0 0 0 0 0 0 0 0 0 0 0 0 0 0 0 0 0 0 0 0 0 0 0 0 0 0 0 0 0 0 0 0 0 0 0 0 0 0 0 0 0 0 0 0 0 0 0 0 0 0 0 0 0 0 0 0 0 1 0 0 0 0 0 0 0 0 0 0 0 0

ACT STREAM:
0 0 0 0 0 0 0 0 0 0 0 0 0 0 0 0 0 0 0 0 0 0 0 0 0 0 0 0 0 0 0 0 0 0 0 0 0 0 0 0 0 0 0 0 0 0 0 0 0 0 0 0 0 1 0 0 0 0 0 0 0 0 0 0 0 0 0 0 0 0 0 0 0 0 0 0 0 0 0 0 0 0 0 0 0 0 0 0 0 0 0 0 0 0 0 0 0 0 0 0 0 0 0 0 0 0 1 0 0 0 0 0 0 0 0 0 0 0 0 0 0 0 0 0 0 0 0 0 0 0 0 0 0 0 0 0 0 0 0 0 0 0 0 0 0 0 0 0 0 0 0 0 0 0 0 0 0 0 0 1 0 0 0 0 0 0 0 0 0 0

EXP STREAM:
0 0 0 0 0 0 0 0 0 0 0 0 0 0 0 0 0 0 0 0 0 0 0 0 0 0 0 0 0 0 0 0 0 0 0 0 0 0 0 0 0 0 0 0 0 0 0 0 0 0 0 0 0 1 0 0 0 0 0 0 0 0 0 0 0 0 0 0 0 0 0 0 0 0 0 0 0 0 0 0 0 0 0 0 0 0 0 0 0 0 0 0 0 0 0 0 0 0 0 0 0 0 0 0 0 0 1 0 0 0 0 0 0 0 0 0 0 0 0 0 0 0 0 0 0 0 0 0 0 0 0 0 0 0 0 0 0 0 0 0 0 0 0 0 0 0 0 0 0 0 0 0 0 0 0 0 0 0 0 1 0 0 0 0 0 0 0 0 0 0

ERR_ACT : 31
ERR_EXP : 32

COMPARES  : 170
FAILURES  : 0
STUFF ERRORS : EXP=32 ACT=31
============================================================

Running Test: Walking 0's
[CMP 1] EXP=1 ACT=1

[CMP 2] EXP=1 ACT=1

[CMP 3] EXP=1 ACT=1

[CMP 4] EXP=1 ACT=1

[CMP 5] EXP=1 ACT=1

[CMP 6] EXP=1 ACT=1

[CMP 7] EXP=1 ACT=1

[CMP 8] EXP=1 ACT=1

[CMP 9] EXP=1 ACT=1

[CMP 10] EXP=1 ACT=1

[CMP 11] EXP=1 ACT=1

[CMP 12] EXP=1 ACT=1

[CMP 13] EXP=1 ACT=1

[CMP 14] EXP=1 ACT=1

[CMP 15] EXP=1 ACT=1

[CMP 16] EXP=1 ACT=1

[CMP 17] EXP=1 ACT=1

[CMP 18] EXP=1 ACT=1

[CMP 19] EXP=1 ACT=1

[CMP 20] EXP=1 ACT=1

[CMP 21] EXP=1 ACT=1

[CMP 22] EXP=1 ACT=1

[CMP 23] EXP=1 ACT=1

[CMP 24] EXP=1 ACT=1

[CMP 25] EXP=1 ACT=1

[CMP 26] EXP=1 ACT=1

[CMP 27] EXP=1 ACT=1

[CMP 28] EXP=1 ACT=1

[CMP 29] EXP=1 ACT=1

[CMP 30] EXP=1 ACT=1

[CMP 31] EXP=1 ACT=1

[CMP 32] EXP=1 ACT=1

[CMP 33] EXP=1 ACT=1

[CMP 34] EXP=1 ACT=1

[CMP 35] EXP=1 ACT=1

[CMP 36] EXP=1 ACT=1

[CMP 37] EXP=1 ACT=1

[CMP 38] EXP=1 ACT=1

[CMP 39] EXP=1 ACT=1

[CMP 40] EXP=1 ACT=1

[CMP 41] EXP=1 ACT=1

[CMP 42] EXP=1 ACT=1

[CMP 43] EXP=1 ACT=1

[CMP 44] EXP=1 ACT=1

[CMP 45] EXP=1 ACT=1

[CMP 46] EXP=1 ACT=1

[CMP 47] EXP=1 ACT=1

[CMP 48] EXP=1 ACT=1

[CMP 49] EXP=1 ACT=1

[CMP 50] EXP=1 ACT=1

[CMP 51] EXP=1 ACT=1

[CMP 52] EXP=1 ACT=1

[CMP 53] EXP=1 ACT=1

[CMP 54] EXP=0 ACT=0

[CMP 55] EXP=1 ACT=1

[CMP 56] EXP=1 ACT=1

[CMP 57] EXP=1 ACT=1

[CMP 58] EXP=1 ACT=1

[CMP 59] EXP=1 ACT=1

[CMP 60] EXP=1 ACT=1

[CMP 61] EXP=1 ACT=1

[CMP 62] EXP=1 ACT=1

[CMP 63] EXP=1 ACT=1

[CMP 64] EXP=1 ACT=1

[CMP 65] EXP=1 ACT=1

[CMP 66] EXP=1 ACT=1

[CMP 67] EXP=1 ACT=1

[CMP 68] EXP=1 ACT=1

[CMP 69] EXP=1 ACT=1

[CMP 70] EXP=1 ACT=1

[CMP 71] EXP=1 ACT=1

[CMP 72] EXP=1 ACT=1

[CMP 73] EXP=1 ACT=1

[CMP 74] EXP=1 ACT=1

[CMP 75] EXP=1 ACT=1

[CMP 76] EXP=1 ACT=1

[CMP 77] EXP=1 ACT=1

[CMP 78] EXP=1 ACT=1

[CMP 79] EXP=1 ACT=1

[CMP 80] EXP=1 ACT=1

[CMP 81] EXP=1 ACT=1

[CMP 82] EXP=1 ACT=1

[CMP 83] EXP=1 ACT=1

[CMP 84] EXP=1 ACT=1

[CMP 85] EXP=1 ACT=1

[CMP 86] EXP=1 ACT=1

[CMP 87] EXP=1 ACT=1

[CMP 88] EXP=1 ACT=1

[CMP 89] EXP=1 ACT=1

[CMP 90] EXP=1 ACT=1

[CMP 91] EXP=1 ACT=1

[CMP 92] EXP=1 ACT=1

[CMP 93] EXP=1 ACT=1

[CMP 94] EXP=1 ACT=1

[CMP 95] EXP=1 ACT=1

[CMP 96] EXP=1 ACT=1

[CMP 97] EXP=1 ACT=1

[CMP 98] EXP=1 ACT=1

[CMP 99] EXP=1 ACT=1

[CMP 100] EXP=1 ACT=1

[CMP 101] EXP=1 ACT=1

[CMP 102] EXP=1 ACT=1

[CMP 103] EXP=1 ACT=1

[CMP 104] EXP=1 ACT=1

[CMP 105] EXP=1 ACT=1

[CMP 106] EXP=1 ACT=1

[CMP 107] EXP=0 ACT=0

[CMP 108] EXP=1 ACT=1

[CMP 109] EXP=1 ACT=1

[CMP 110] EXP=1 ACT=1

[CMP 111] EXP=1 ACT=1

[CMP 112] EXP=1 ACT=1

[CMP 113] EXP=1 ACT=1

[CMP 114] EXP=1 ACT=1

[CMP 115] EXP=1 ACT=1

[CMP 116] EXP=1 ACT=1

[CMP 117] EXP=1 ACT=1

[CMP 118] EXP=1 ACT=1

[CMP 119] EXP=1 ACT=1

[CMP 120] EXP=1 ACT=1

[CMP 121] EXP=1 ACT=1

[CMP 122] EXP=1 ACT=1

[CMP 123] EXP=1 ACT=1

[CMP 124] EXP=1 ACT=1

[CMP 125] EXP=1 ACT=1

[CMP 126] EXP=1 ACT=1

[CMP 127] EXP=1 ACT=1

[CMP 128] EXP=1 ACT=1

[CMP 129] EXP=1 ACT=1

[CMP 130] EXP=1 ACT=1

[CMP 131] EXP=1 ACT=1

[CMP 132] EXP=1 ACT=1

[CMP 133] EXP=1 ACT=1

[CMP 134] EXP=1 ACT=1

[CMP 135] EXP=1 ACT=1

[CMP 136] EXP=1 ACT=1

[CMP 137] EXP=1 ACT=1

[CMP 138] EXP=1 ACT=1

[CMP 139] EXP=1 ACT=1

[CMP 140] EXP=1 ACT=1

[CMP 141] EXP=1 ACT=1

[CMP 142] EXP=1 ACT=1

[CMP 143] EXP=1 ACT=1

[CMP 144] EXP=1 ACT=1

[CMP 145] EXP=1 ACT=1

[CMP 146] EXP=1 ACT=1

[CMP 147] EXP=1 ACT=1

[CMP 148] EXP=1 ACT=1

[CMP 149] EXP=1 ACT=1

[CMP 150] EXP=1 ACT=1

[CMP 151] EXP=1 ACT=1

[CMP 152] EXP=1 ACT=1

[CMP 153] EXP=1 ACT=1

[CMP 154] EXP=1 ACT=1

[CMP 155] EXP=1 ACT=1

[CMP 156] EXP=1 ACT=1

[CMP 157] EXP=1 ACT=1

[CMP 158] EXP=1 ACT=1

[CMP 159] EXP=1 ACT=1

[CMP 160] EXP=0 ACT=0

[CMP 161] EXP=1 ACT=1

[CMP 162] EXP=1 ACT=1

[CMP 163] EXP=1 ACT=1

[CMP 164] EXP=1 ACT=1

[CMP 165] EXP=1 ACT=1

[CMP 166] EXP=1 ACT=1

[CMP 167] EXP=1 ACT=1

[CMP 168] EXP=1 ACT=1

[CMP 169] EXP=1 ACT=1

[CMP 170] EXP=1 ACT=1

Completed Test: Walking 0's


============================================================
Test Name:      Walking 0's
INP STREAM:
1 1 1 1 1 1 1 1 1 1 1 1 1 1 1 1 1 1 1 1 1 1 1 1 1 1 1 1 1 1 1 1 1 1 1 1 1 1 1 1 1 1 1 1 1 1 1 1 1 1 1 1 1 1 1 1 1 1 1 1 1 1 1 0 1 1 1 1 1 1 1 1 1 1 1 1 1 1 1 1 1 1 1 1 1 1 1 1 1 1 1 1 1 1 1 1 1 1 1 1 1 1 1 1 1 1 1 1 1 1 1 1 1 1 1 1 1 1 1 1 1 1 1 1 1 1 0 1 1 1 1 1 1 1 1 1 1 1 1 1 1 1 1 1 1 1 1 1 1 1 1 1 1 1 1 1 1 1 1 1 1 1 1 1 1 1 1 1 1 1 1 1 1 1 1 1 1 1 1 1 1 1 1 1 1 1 1 1 1 0 1 1 1 1 1 1 1 1 1 1 1 1

ACT STREAM:
1 1 1 1 1 1 1 1 1 1 1 1 1 1 1 1 1 1 1 1 1 1 1 1 1 1 1 1 1 1 1 1 1 1 1 1 1 1 1 1 1 1 1 1 1 1 1 1 1 1 1 1 1 0 1 1 1 1 1 1 1 1 1 1 1 1 1 1 1 1 1 1 1 1 1 1 1 1 1 1 1 1 1 1 1 1 1 1 1 1 1 1 1 1 1 1 1 1 1 1 1 1 1 1 1 1 0 1 1 1 1 1 1 1 1 1 1 1 1 1 1 1 1 1 1 1 1 1 1 1 1 1 1 1 1 1 1 1 1 1 1 1 1 1 1 1 1 1 1 1 1 1 1 1 1 1 1 1 1 0 1 1 1 1 1 1 1 1 1 1

EXP STREAM:
1 1 1 1 1 1 1 1 1 1 1 1 1 1 1 1 1 1 1 1 1 1 1 1 1 1 1 1 1 1 1 1 1 1 1 1 1 1 1 1 1 1 1 1 1 1 1 1 1 1 1 1 1 0 1 1 1 1 1 1 1 1 1 1 1 1 1 1 1 1 1 1 1 1 1 1 1 1 1 1 1 1 1 1 1 1 1 1 1 1 1 1 1 1 1 1 1 1 1 1 1 1 1 1 1 1 0 1 1 1 1 1 1 1 1 1 1 1 1 1 1 1 1 1 1 1 1 1 1 1 1 1 1 1 1 1 1 1 1 1 1 1 1 1 1 1 1 1 1 1 1 1 1 1 1 1 1 1 1 0 1 1 1 1 1 1 1 1 1 1

ERR_ACT : 31
ERR_EXP : 32

COMPARES  : 170
FAILURES  : 0
STUFF ERRORS : EXP=32 ACT=31
============================================================

Running Test: Step up 1's
[CMP 1] EXP=0 ACT=0

[CMP 2] EXP=0 ACT=0

[CMP 3] EXP=0 ACT=0

[CMP 4] EXP=0 ACT=0

[CMP 5] EXP=0 ACT=0

[CMP 6] EXP=0 ACT=0

[CMP 7] EXP=0 ACT=0

[CMP 8] EXP=0 ACT=0

[CMP 9] EXP=1 ACT=1

[CMP 10] EXP=0 ACT=0

[CMP 11] EXP=0 ACT=0

[CMP 12] EXP=0 ACT=0

[CMP 13] EXP=0 ACT=0

[CMP 14] EXP=0 ACT=0

[CMP 15] EXP=0 ACT=0

[CMP 16] EXP=0 ACT=0

[CMP 17] EXP=1 ACT=1

[CMP 18] EXP=1 ACT=1

[CMP 19] EXP=0 ACT=0

[CMP 20] EXP=0 ACT=0

[CMP 21] EXP=0 ACT=0

[CMP 22] EXP=0 ACT=0

[CMP 23] EXP=0 ACT=0

[CMP 24] EXP=0 ACT=0

[CMP 25] EXP=1 ACT=1

[CMP 26] EXP=1 ACT=1

[CMP 27] EXP=1 ACT=1

[CMP 28] EXP=0 ACT=0

[CMP 29] EXP=0 ACT=0

[CMP 30] EXP=0 ACT=0

[CMP 31] EXP=0 ACT=0

[CMP 32] EXP=0 ACT=0

[CMP 33] EXP=1 ACT=1

[CMP 34] EXP=1 ACT=1

[CMP 35] EXP=1 ACT=1

[CMP 36] EXP=1 ACT=1

[CMP 37] EXP=0 ACT=0

[CMP 38] EXP=0 ACT=0

[CMP 39] EXP=0 ACT=0

[CMP 40] EXP=0 ACT=0

[CMP 41] EXP=0 ACT=0

[CMP 42] EXP=1 ACT=1

[CMP 43] EXP=1 ACT=1

[CMP 44] EXP=1 ACT=1

[CMP 45] EXP=1 ACT=1

[CMP 46] EXP=0 ACT=0

[CMP 47] EXP=0 ACT=0

[CMP 48] EXP=0 ACT=0

[CMP 49] EXP=0 ACT=0

[CMP 50] EXP=1 ACT=1

[CMP 51] EXP=1 ACT=1

[CMP 52] EXP=1 ACT=1

[CMP 53] EXP=1 ACT=1

[CMP 54] EXP=1 ACT=1

[CMP 55] EXP=0 ACT=0

[CMP 56] EXP=0 ACT=0

[CMP 57] EXP=0 ACT=0

[CMP 58] EXP=1 ACT=1

[CMP 59] EXP=1 ACT=1

[CMP 60] EXP=1 ACT=1

[CMP 61] EXP=1 ACT=1

[CMP 62] EXP=1 ACT=1

[CMP 63] EXP=1 ACT=1

[CMP 64] EXP=0 ACT=0

[CMP 65] EXP=0 ACT=0

[CMP 66] EXP=1 ACT=1

[CMP 67] EXP=1 ACT=1

[CMP 68] EXP=1 ACT=1

[CMP 69] EXP=1 ACT=1

[CMP 70] EXP=1 ACT=1

[CMP 71] EXP=1 ACT=1

[CMP 72] EXP=1 ACT=1

[CMP 73] EXP=0 ACT=0

[CMP 74] EXP=1 ACT=1

[CMP 75] EXP=1 ACT=1

[CMP 76] EXP=1 ACT=1

[CMP 77] EXP=1 ACT=1

[CMP 78] EXP=1 ACT=1

[CMP 79] EXP=1 ACT=1

[CMP 80] EXP=1 ACT=1

[CMP 81] EXP=1 ACT=1

[CMP 82] EXP=1 ACT=1

[CMP 83] EXP=1 ACT=1

[CMP 84] EXP=1 ACT=1

[CMP 85] EXP=1 ACT=1

[CMP 86] EXP=1 ACT=1

[CMP 87] EXP=1 ACT=1

[CMP 88] EXP=1 ACT=1

[CMP 89] EXP=1 ACT=1

[CMP 90] EXP=0 ACT=0

[CMP 91] EXP=0 ACT=0

[CMP 92] EXP=0 ACT=0

[CMP 93] EXP=0 ACT=0

[CMP 94] EXP=0 ACT=0

[CMP 95] EXP=0 ACT=0

[CMP 96] EXP=0 ACT=0

[CMP 97] EXP=0 ACT=0

[CMP 98] EXP=1 ACT=1

[CMP 99] EXP=0 ACT=0

[CMP 100] EXP=0 ACT=0

[CMP 101] EXP=0 ACT=0

[CMP 102] EXP=0 ACT=0

[CMP 103] EXP=0 ACT=0

[CMP 104] EXP=0 ACT=0

[CMP 105] EXP=0 ACT=0

[CMP 106] EXP=1 ACT=1

[CMP 107] EXP=1 ACT=1

[CMP 108] EXP=0 ACT=0

[CMP 109] EXP=0 ACT=0

[CMP 110] EXP=0 ACT=0

[CMP 111] EXP=0 ACT=0

[CMP 112] EXP=0 ACT=0

[CMP 113] EXP=0 ACT=0

[CMP 114] EXP=1 ACT=1

[CMP 115] EXP=1 ACT=1

[CMP 116] EXP=1 ACT=1

[CMP 117] EXP=0 ACT=0

[CMP 118] EXP=0 ACT=0

[CMP 119] EXP=0 ACT=0

[CMP 120] EXP=0 ACT=0

[CMP 121] EXP=0 ACT=0

[CMP 122] EXP=1 ACT=1

[CMP 123] EXP=1 ACT=1

[CMP 124] EXP=1 ACT=1

[CMP 125] EXP=1 ACT=1

[CMP 126] EXP=0 ACT=0

[CMP 127] EXP=0 ACT=0

[CMP 128] EXP=0 ACT=0

[CMP 129] EXP=0 ACT=0

[CMP 130] EXP=0 ACT=0

[CMP 131] EXP=1 ACT=1

[CMP 132] EXP=1 ACT=1

[CMP 133] EXP=1 ACT=1

[CMP 134] EXP=1 ACT=1

[CMP 135] EXP=0 ACT=0

[CMP 136] EXP=0 ACT=0

[CMP 137] EXP=0 ACT=0

[CMP 138] EXP=0 ACT=0

[CMP 139] EXP=1 ACT=1

[CMP 140] EXP=1 ACT=1

[CMP 141] EXP=1 ACT=1

[CMP 142] EXP=1 ACT=1

[CMP 143] EXP=1 ACT=1

[CMP 144] EXP=0 ACT=0

[CMP 145] EXP=0 ACT=0

[CMP 146] EXP=0 ACT=0

[CMP 147] EXP=1 ACT=1

[CMP 148] EXP=1 ACT=1

[CMP 149] EXP=1 ACT=1

[CMP 150] EXP=1 ACT=1

[CMP 151] EXP=1 ACT=1

[CMP 152] EXP=1 ACT=1

[CMP 153] EXP=0 ACT=0

[CMP 154] EXP=0 ACT=0

[CMP 155] EXP=1 ACT=1

[CMP 156] EXP=1 ACT=1

[CMP 157] EXP=1 ACT=1

[CMP 158] EXP=1 ACT=1

[CMP 159] EXP=1 ACT=1

[CMP 160] EXP=1 ACT=1

[CMP 161] EXP=1 ACT=1

[CMP 162] EXP=0 ACT=0

[CMP 163] EXP=1 ACT=1

[CMP 164] EXP=1 ACT=1

[CMP 165] EXP=1 ACT=1

[CMP 166] EXP=1 ACT=1

[CMP 167] EXP=1 ACT=1

[CMP 168] EXP=1 ACT=1

[CMP 169] EXP=1 ACT=1

[CMP 170] EXP=1 ACT=1

[CMP 171] EXP=1 ACT=1

[CMP 172] EXP=1 ACT=1

[CMP 173] EXP=1 ACT=1

[CMP 174] EXP=1 ACT=1

[CMP 175] EXP=1 ACT=1

[CMP 176] EXP=1 ACT=1

[CMP 177] EXP=1 ACT=1

[CMP 178] EXP=1 ACT=1

[CMP 179] EXP=1 ACT=1

Completed Test: Step up 1's


============================================================
Test Name:      Step up 1's
INP STREAM:
0 0 0 0 0 0 0 0 0 1 0 0 0 0 0 0 0 0 1 1 0 0 0 0 0 0 0 1 1 1 0 0 0 0 0 0 1 1 1 1 0 0 0 0 0 1 1 1 1 1 0 0 0 0 1 1 1 1 1 1 0 0 0 1 1 1 1 1 1 1 0 0 1 1 1 1 1 1 1 1 0 1 1 1 1 1 1 1 1 1 1 1 1 1 1 1 1 1 1 1 0 0 0 0 0 0 0 0 0 1 0 0 0 0 0 0 0 0 1 1 0 0 0 0 0 0 0 1 1 1 0 0 0 0 0 0 1 1 1 1 0 0 0 0 0 1 1 1 1 1 0 0 0 0 1 1 1 1 1 1 0 0 0 1 1 1 1 1 1 1 0 0 1 1 1 1 1 1 1 1 0 1 1 1 1 1 1 1 1 1 1 1 1 1 1 1 1 1 1 1 1 1

ACT STREAM:
0 0 0 0 0 0 0 0 1 0 0 0 0 0 0 0 1 1 0 0 0 0 0 0 1 1 1 0 0 0 0 0 1 1 1 1 0 0 0 0 0 1 1 1 1 0 0 0 0 1 1 1 1 1 0 0 0 1 1 1 1 1 1 0 0 1 1 1 1 1 1 1 0 1 1 1 1 1 1 1 1 1 1 1 1 1 1 1 1 0 0 0 0 0 0 0 0 1 0 0 0 0 0 0 0 1 1 0 0 0 0 0 0 1 1 1 0 0 0 0 0 1 1 1 1 0 0 0 0 0 1 1 1 1 0 0 0 0 1 1 1 1 1 0 0 0 1 1 1 1 1 1 0 0 1 1 1 1 1 1 1 0 1 1 1 1 1 1 1 1 1 1 1 1 1 1 1 1 1

EXP STREAM:
0 0 0 0 0 0 0 0 1 0 0 0 0 0 0 0 1 1 0 0 0 0 0 0 1 1 1 0 0 0 0 0 1 1 1 1 0 0 0 0 0 1 1 1 1 0 0 0 0 1 1 1 1 1 0 0 0 1 1 1 1 1 1 0 0 1 1 1 1 1 1 1 0 1 1 1 1 1 1 1 1 1 1 1 1 1 1 1 1 0 0 0 0 0 0 0 0 1 0 0 0 0 0 0 0 1 1 0 0 0 0 0 0 1 1 1 0 0 0 0 0 1 1 1 1 0 0 0 0 0 1 1 1 1 0 0 0 0 1 1 1 1 1 0 0 0 1 1 1 1 1 1 0 0 1 1 1 1 1 1 1 0 1 1 1 1 1 1 1 1 1 1 1 1 1 1 1 1 1 1

ERR_ACT : 20
ERR_EXP : 20

COMPARES  : 179
FAILURES  : 0
STUFF ERRORS : EXP=20 ACT=20
============================================================

Running Test: Step down 1's
[CMP 1] EXP=1 ACT=1

[CMP 2] EXP=1 ACT=1

[CMP 3] EXP=1 ACT=1

[CMP 4] EXP=1 ACT=1

[CMP 5] EXP=1 ACT=1

[CMP 6] EXP=1 ACT=1

[CMP 7] EXP=1 ACT=1

[CMP 8] EXP=1 ACT=1

[CMP 9] EXP=0 ACT=0

[CMP 10] EXP=1 ACT=1

[CMP 11] EXP=1 ACT=1

[CMP 12] EXP=1 ACT=1

[CMP 13] EXP=1 ACT=1

[CMP 14] EXP=1 ACT=1

[CMP 15] EXP=1 ACT=1

[CMP 16] EXP=1 ACT=1

[CMP 17] EXP=0 ACT=0

[CMP 18] EXP=0 ACT=0

[CMP 19] EXP=1 ACT=1

[CMP 20] EXP=1 ACT=1

[CMP 21] EXP=1 ACT=1

[CMP 22] EXP=1 ACT=1

[CMP 23] EXP=1 ACT=1

[CMP 24] EXP=1 ACT=1

[CMP 25] EXP=0 ACT=0

[CMP 26] EXP=0 ACT=0

[CMP 27] EXP=0 ACT=0

[CMP 28] EXP=1 ACT=1

[CMP 29] EXP=1 ACT=1

[CMP 30] EXP=1 ACT=1

[CMP 31] EXP=1 ACT=1

[CMP 32] EXP=1 ACT=1

[CMP 33] EXP=0 ACT=0

[CMP 34] EXP=0 ACT=0

[CMP 35] EXP=0 ACT=0

[CMP 36] EXP=0 ACT=0

[CMP 37] EXP=1 ACT=1

[CMP 38] EXP=1 ACT=1

[CMP 39] EXP=1 ACT=1

[CMP 40] EXP=1 ACT=1

[CMP 41] EXP=1 ACT=1

[CMP 42] EXP=0 ACT=0

[CMP 43] EXP=0 ACT=0

[CMP 44] EXP=0 ACT=0

[CMP 45] EXP=0 ACT=0

[CMP 46] EXP=1 ACT=1

[CMP 47] EXP=1 ACT=1

[CMP 48] EXP=1 ACT=1

[CMP 49] EXP=1 ACT=1

[CMP 50] EXP=0 ACT=0

[CMP 51] EXP=0 ACT=0

[CMP 52] EXP=0 ACT=0

[CMP 53] EXP=0 ACT=0

[CMP 54] EXP=0 ACT=0

[CMP 55] EXP=1 ACT=1

[CMP 56] EXP=1 ACT=1

[CMP 57] EXP=1 ACT=1

[CMP 58] EXP=0 ACT=0

[CMP 59] EXP=0 ACT=0

[CMP 60] EXP=0 ACT=0

[CMP 61] EXP=0 ACT=0

[CMP 62] EXP=0 ACT=0

[CMP 63] EXP=0 ACT=0

[CMP 64] EXP=1 ACT=1

[CMP 65] EXP=1 ACT=1

[CMP 66] EXP=0 ACT=0

[CMP 67] EXP=0 ACT=0

[CMP 68] EXP=0 ACT=0

[CMP 69] EXP=0 ACT=0

[CMP 70] EXP=0 ACT=0

[CMP 71] EXP=0 ACT=0

[CMP 72] EXP=0 ACT=0

[CMP 73] EXP=1 ACT=1

[CMP 74] EXP=0 ACT=0

[CMP 75] EXP=0 ACT=0

[CMP 76] EXP=0 ACT=0

[CMP 77] EXP=0 ACT=0

[CMP 78] EXP=0 ACT=0

[CMP 79] EXP=0 ACT=0

[CMP 80] EXP=0 ACT=0

[CMP 81] EXP=0 ACT=0

[CMP 82] EXP=0 ACT=0

[CMP 83] EXP=0 ACT=0

[CMP 84] EXP=0 ACT=0

[CMP 85] EXP=0 ACT=0

[CMP 86] EXP=0 ACT=0

[CMP 87] EXP=0 ACT=0

[CMP 88] EXP=0 ACT=0

[CMP 89] EXP=0 ACT=0

[CMP 90] EXP=1 ACT=1

[CMP 91] EXP=1 ACT=1

[CMP 92] EXP=1 ACT=1

[CMP 93] EXP=1 ACT=1

[CMP 94] EXP=1 ACT=1

[CMP 95] EXP=1 ACT=1

[CMP 96] EXP=1 ACT=1

[CMP 97] EXP=1 ACT=1

[CMP 98] EXP=0 ACT=0

[CMP 99] EXP=1 ACT=1

[CMP 100] EXP=1 ACT=1

[CMP 101] EXP=1 ACT=1

[CMP 102] EXP=1 ACT=1

[CMP 103] EXP=1 ACT=1

[CMP 104] EXP=1 ACT=1

[CMP 105] EXP=1 ACT=1

[CMP 106] EXP=0 ACT=0

[CMP 107] EXP=0 ACT=0

[CMP 108] EXP=1 ACT=1

[CMP 109] EXP=1 ACT=1

[CMP 110] EXP=1 ACT=1

[CMP 111] EXP=1 ACT=1

[CMP 112] EXP=1 ACT=1

[CMP 113] EXP=1 ACT=1

[CMP 114] EXP=0 ACT=0

[CMP 115] EXP=0 ACT=0

[CMP 116] EXP=0 ACT=0

[CMP 117] EXP=1 ACT=1

[CMP 118] EXP=1 ACT=1

[CMP 119] EXP=1 ACT=1

[CMP 120] EXP=1 ACT=1

[CMP 121] EXP=1 ACT=1

[CMP 122] EXP=0 ACT=0

[CMP 123] EXP=0 ACT=0

[CMP 124] EXP=0 ACT=0

[CMP 125] EXP=0 ACT=0

[CMP 126] EXP=1 ACT=1

[CMP 127] EXP=1 ACT=1

[CMP 128] EXP=1 ACT=1

[CMP 129] EXP=1 ACT=1

[CMP 130] EXP=1 ACT=1

[CMP 131] EXP=0 ACT=0

[CMP 132] EXP=0 ACT=0

[CMP 133] EXP=0 ACT=0

[CMP 134] EXP=0 ACT=0

[CMP 135] EXP=1 ACT=1

[CMP 136] EXP=1 ACT=1

[CMP 137] EXP=1 ACT=1

[CMP 138] EXP=1 ACT=1

[CMP 139] EXP=0 ACT=0

[CMP 140] EXP=0 ACT=0

[CMP 141] EXP=0 ACT=0

[CMP 142] EXP=0 ACT=0

[CMP 143] EXP=0 ACT=0

[CMP 144] EXP=1 ACT=1

[CMP 145] EXP=1 ACT=1

[CMP 146] EXP=1 ACT=1

[CMP 147] EXP=0 ACT=0

[CMP 148] EXP=0 ACT=0

[CMP 149] EXP=0 ACT=0

[CMP 150] EXP=0 ACT=0

[CMP 151] EXP=0 ACT=0

[CMP 152] EXP=0 ACT=0

[CMP 153] EXP=1 ACT=1

[CMP 154] EXP=1 ACT=1

[CMP 155] EXP=0 ACT=0

[CMP 156] EXP=0 ACT=0

[CMP 157] EXP=0 ACT=0

[CMP 158] EXP=0 ACT=0

[CMP 159] EXP=0 ACT=0

[CMP 160] EXP=0 ACT=0

[CMP 161] EXP=0 ACT=0

[CMP 162] EXP=1 ACT=1

[CMP 163] EXP=0 ACT=0

[CMP 164] EXP=0 ACT=0

[CMP 165] EXP=0 ACT=0

[CMP 166] EXP=0 ACT=0

[CMP 167] EXP=0 ACT=0

[CMP 168] EXP=0 ACT=0

[CMP 169] EXP=0 ACT=0

[CMP 170] EXP=0 ACT=0

[CMP 171] EXP=0 ACT=0

[CMP 172] EXP=0 ACT=0

[CMP 173] EXP=0 ACT=0

[CMP 174] EXP=0 ACT=0

[CMP 175] EXP=0 ACT=0

[CMP 176] EXP=0 ACT=0

[CMP 177] EXP=0 ACT=0

[CMP 178] EXP=0 ACT=0

[CMP 179] EXP=0 ACT=0

Completed Test: Step down 1's


============================================================
Test Name:      Step down 1's
INP STREAM:
1 1 1 1 1 1 1 1 1 0 1 1 1 1 1 1 1 1 0 0 1 1 1 1 1 1 1 0 0 0 1 1 1 1 1 1 0 0 0 0 1 1 1 1 1 0 0 0 0 0 1 1 1 1 0 0 0 0 0 0 1 1 1 0 0 0 0 0 0 0 1 1 0 0 0 0 0 0 0 0 1 0 0 0 0 0 0 0 0 0 0 0 0 0 0 0 0 0 0 0 1 1 1 1 1 1 1 1 1 0 1 1 1 1 1 1 1 1 0 0 1 1 1 1 1 1 1 0 0 0 1 1 1 1 1 1 0 0 0 0 1 1 1 1 1 0 0 0 0 0 1 1 1 1 0 0 0 0 0 0 1 1 1 0 0 0 0 0 0 0 1 1 0 0 0 0 0 0 0 0 1 0 0 0 0 0 0 0 0 0 0 0 0 0 0 0 0 0 0 0 0 0

ACT STREAM:
1 1 1 1 1 1 1 1 0 1 1 1 1 1 1 1 0 0 1 1 1 1 1 1 0 0 0 1 1 1 1 1 0 0 0 0 1 1 1 1 1 0 0 0 0 1 1 1 1 0 0 0 0 0 1 1 1 0 0 0 0 0 0 1 1 0 0 0 0 0 0 0 1 0 0 0 0 0 0 0 0 0 0 0 0 0 0 0 0 1 1 1 1 1 1 1 1 0 1 1 1 1 1 1 1 0 0 1 1 1 1 1 1 0 0 0 1 1 1 1 1 0 0 0 0 1 1 1 1 1 0 0 0 0 1 1 1 1 0 0 0 0 0 1 1 1 0 0 0 0 0 0 1 1 0 0 0 0 0 0 0 1 0 0 0 0 0 0 0 0 0 0 0 0 0 0 0 0 0

EXP STREAM:
1 1 1 1 1 1 1 1 0 1 1 1 1 1 1 1 0 0 1 1 1 1 1 1 0 0 0 1 1 1 1 1 0 0 0 0 1 1 1 1 1 0 0 0 0 1 1 1 1 0 0 0 0 0 1 1 1 0 0 0 0 0 0 1 1 0 0 0 0 0 0 0 1 0 0 0 0 0 0 0 0 0 0 0 0 0 0 0 0 1 1 1 1 1 1 1 1 0 1 1 1 1 1 1 1 0 0 1 1 1 1 1 1 0 0 0 1 1 1 1 1 0 0 0 0 1 1 1 1 1 0 0 0 0 1 1 1 1 0 0 0 0 0 1 1 1 0 0 0 0 0 0 1 1 0 0 0 0 0 0 0 1 0 0 0 0 0 0 0 0 0 0 0 0 0 0 0 0 0 0

ERR_ACT : 20
ERR_EXP : 20

COMPARES  : 179
FAILURES  : 0
STUFF ERRORS : EXP=20 ACT=20
============================================================

Running Test: Checkerboard
[CMP 1] EXP=0 ACT=0

[CMP 2] EXP=0 ACT=0

[CMP 3] EXP=0 ACT=0

[CMP 4] EXP=0 ACT=0

[CMP 5] EXP=0 ACT=0

[CMP 6] EXP=0 ACT=0

[CMP 7] EXP=1 ACT=1

[CMP 8] EXP=1 ACT=1

[CMP 9] EXP=1 ACT=1

[CMP 10] EXP=1 ACT=1

[CMP 11] EXP=1 ACT=1

[CMP 12] EXP=1 ACT=1

[CMP 13] EXP=1 ACT=1

[CMP 14] EXP=0 ACT=0

[CMP 15] EXP=0 ACT=0

[CMP 16] EXP=0 ACT=0

[CMP 17] EXP=0 ACT=0

[CMP 18] EXP=0 ACT=0

[CMP 19] EXP=0 ACT=0

[CMP 20] EXP=0 ACT=0

[CMP 21] EXP=1 ACT=1

[CMP 22] EXP=1 ACT=1

[CMP 23] EXP=1 ACT=1

[CMP 24] EXP=1 ACT=1

[CMP 25] EXP=1 ACT=1

[CMP 26] EXP=1 ACT=1

[CMP 27] EXP=1 ACT=1

[CMP 28] EXP=0 ACT=0

[CMP 29] EXP=0 ACT=0

[CMP 30] EXP=0 ACT=0

[CMP 31] EXP=0 ACT=0

[CMP 32] EXP=0 ACT=0

[CMP 33] EXP=0 ACT=0

[CMP 34] EXP=0 ACT=0

[CMP 35] EXP=1 ACT=1

[CMP 36] EXP=1 ACT=1

[CMP 37] EXP=1 ACT=1

[CMP 38] EXP=1 ACT=1

[CMP 39] EXP=1 ACT=1

[CMP 40] EXP=1 ACT=1

[CMP 41] EXP=1 ACT=1

[CMP 42] EXP=0 ACT=0

[CMP 43] EXP=0 ACT=0

[CMP 44] EXP=0 ACT=0

[CMP 45] EXP=0 ACT=0

[CMP 46] EXP=0 ACT=0

[CMP 47] EXP=0 ACT=0

[CMP 48] EXP=0 ACT=0

[CMP 49] EXP=1 ACT=1

[CMP 50] EXP=1 ACT=1

[CMP 51] EXP=1 ACT=1

[CMP 52] EXP=1 ACT=1

[CMP 53] EXP=1 ACT=1

[CMP 54] EXP=1 ACT=1

[CMP 55] EXP=1 ACT=1

[CMP 56] EXP=0 ACT=0

[CMP 57] EXP=0 ACT=0

[CMP 58] EXP=0 ACT=0

[CMP 59] EXP=0 ACT=0

[CMP 60] EXP=0 ACT=0

[CMP 61] EXP=0 ACT=0

[CMP 62] EXP=0 ACT=0

[CMP 63] EXP=1 ACT=1

[CMP 64] EXP=1 ACT=1

[CMP 65] EXP=1 ACT=1

[CMP 66] EXP=1 ACT=1

[CMP 67] EXP=1 ACT=1

[CMP 68] EXP=1 ACT=1

[CMP 69] EXP=1 ACT=1

[CMP 70] EXP=0 ACT=0

[CMP 71] EXP=0 ACT=0

[CMP 72] EXP=0 ACT=0

[CMP 73] EXP=0 ACT=0

[CMP 74] EXP=0 ACT=0

[CMP 75] EXP=0 ACT=0

[CMP 76] EXP=0 ACT=0

[CMP 77] EXP=1 ACT=1

[CMP 78] EXP=1 ACT=1

[CMP 79] EXP=1 ACT=1

[CMP 80] EXP=1 ACT=1

[CMP 81] EXP=1 ACT=1

[CMP 82] EXP=1 ACT=1

[CMP 83] EXP=1 ACT=1

[CMP 84] EXP=0 ACT=0

[CMP 85] EXP=0 ACT=0

[CMP 86] EXP=0 ACT=0

[CMP 87] EXP=0 ACT=0

[CMP 88] EXP=0 ACT=0

[CMP 89] EXP=0 ACT=0

[CMP 90] EXP=0 ACT=0

[CMP 91] EXP=1 ACT=1

[CMP 92] EXP=1 ACT=1

[CMP 93] EXP=1 ACT=1

[CMP 94] EXP=1 ACT=1

[CMP 95] EXP=1 ACT=1

[CMP 96] EXP=1 ACT=1

[CMP 97] EXP=1 ACT=1

[CMP 98] EXP=0 ACT=0

[CMP 99] EXP=0 ACT=0

[CMP 100] EXP=0 ACT=0

[CMP 101] EXP=0 ACT=0

[CMP 102] EXP=0 ACT=0

[CMP 103] EXP=0 ACT=0

[CMP 104] EXP=0 ACT=0

[CMP 105] EXP=1 ACT=1

[CMP 106] EXP=1 ACT=1

[CMP 107] EXP=1 ACT=1

[CMP 108] EXP=1 ACT=1

[CMP 109] EXP=1 ACT=1

[CMP 110] EXP=1 ACT=1

[CMP 111] EXP=1 ACT=1

[CMP 112] EXP=0 ACT=0

[CMP 113] EXP=0 ACT=0

[CMP 114] EXP=0 ACT=0

[CMP 115] EXP=0 ACT=0

[CMP 116] EXP=0 ACT=0

[CMP 117] EXP=0 ACT=0

[CMP 118] EXP=0 ACT=0

[CMP 119] EXP=1 ACT=1

[CMP 120] EXP=1 ACT=1

[CMP 121] EXP=1 ACT=1

[CMP 122] EXP=1 ACT=1

[CMP 123] EXP=1 ACT=1

[CMP 124] EXP=1 ACT=1

[CMP 125] EXP=1 ACT=1

[CMP 126] EXP=0 ACT=0

[CMP 127] EXP=0 ACT=0

[CMP 128] EXP=0 ACT=0

[CMP 129] EXP=0 ACT=0

[CMP 130] EXP=0 ACT=0

[CMP 131] EXP=0 ACT=0

[CMP 132] EXP=0 ACT=0

[CMP 133] EXP=1 ACT=1

[CMP 134] EXP=1 ACT=1

[CMP 135] EXP=1 ACT=1

[CMP 136] EXP=1 ACT=1

[CMP 137] EXP=1 ACT=1

[CMP 138] EXP=1 ACT=1

[CMP 139] EXP=1 ACT=1

[CMP 140] EXP=0 ACT=0

[CMP 141] EXP=0 ACT=0

[CMP 142] EXP=0 ACT=0

[CMP 143] EXP=0 ACT=0

[CMP 144] EXP=0 ACT=0

[CMP 145] EXP=0 ACT=0

[CMP 146] EXP=0 ACT=0

[CMP 147] EXP=1 ACT=1

[CMP 148] EXP=1 ACT=1

[CMP 149] EXP=1 ACT=1

[CMP 150] EXP=1 ACT=1

[CMP 151] EXP=1 ACT=1

[CMP 152] EXP=1 ACT=1

[CMP 153] EXP=1 ACT=1

[CMP 154] EXP=0 ACT=0

[CMP 155] EXP=0 ACT=0

[CMP 156] EXP=0 ACT=0

[CMP 157] EXP=0 ACT=0

[CMP 158] EXP=0 ACT=0

[CMP 159] EXP=0 ACT=0

[CMP 160] EXP=0 ACT=0

[CMP 161] EXP=1 ACT=1

[CMP 162] EXP=1 ACT=1

[CMP 163] EXP=1 ACT=1

[CMP 164] EXP=1 ACT=1

[CMP 165] EXP=1 ACT=1

[CMP 166] EXP=1 ACT=1

[CMP 167] EXP=1 ACT=1

[CMP 168] EXP=0 ACT=0

[CMP 169] EXP=0 ACT=0

[CMP 170] EXP=0 ACT=0

[CMP 171] EXP=0 ACT=0

[CMP 172] EXP=0 ACT=0

[CMP 173] EXP=0 ACT=0

[CMP 174] EXP=0 ACT=0

[CMP 175] EXP=1 ACT=1

[CMP 176] EXP=1 ACT=1

Completed Test: Checkerboard


============================================================
Test Name:      Checkerboard
INP STREAM:
0 0 0 0 0 0 0 1 1 1 1 1 1 1 1 0 0 0 0 0 0 0 0 1 1 1 1 1 1 1 1 0 0 0 0 0 0 0 0 1 1 1 1 1 1 1 1 0 0 0 0 0 0 0 0 1 1 1 1 1 1 1 1 0 0 0 0 0 0 0 0 1 1 1 1 1 1 1 1 0 0 0 0 0 0 0 0 1 1 1 1 1 1 1 1 0 0 0 0 0 0 0 0 1 1 1 1 1 1 1 1 0 0 0 0 0 0 0 0 1 1 1 1 1 1 1 1 0 0 0 0 0 0 0 0 1 1 1 1 1 1 1 1 0 0 0 0 0 0 0 0 1 1 1 1 1 1 1 1 0 0 0 0 0 0 0 0 1 1 1 1 1 1 1 1 0 0 0 0 0 0 0 0 1 1 1 1 1 1 1 1 0 0 0 0 0 0 0 0 1 1 1

ACT STREAM:
0 0 0 0 0 0 1 1 1 1 1 1 1 0 0 0 0 0 0 0 1 1 1 1 1 1 1 0 0 0 0 0 0 0 1 1 1 1 1 1 1 0 0 0 0 0 0 0 1 1 1 1 1 1 1 0 0 0 0 0 0 0 1 1 1 1 1 1 1 0 0 0 0 0 0 0 1 1 1 1 1 1 1 0 0 0 0 0 0 0 1 1 1 1 1 1 1 0 0 0 0 0 0 0 1 1 1 1 1 1 1 0 0 0 0 0 0 0 1 1 1 1 1 1 1 0 0 0 0 0 0 0 1 1 1 1 1 1 1 0 0 0 0 0 0 0 1 1 1 1 1 1 1 0 0 0 0 0 0 0 1 1 1 1 1 1 1 0 0 0 0 0 0 0 1 1

EXP STREAM:
0 0 0 0 0 0 1 1 1 1 1 1 1 0 0 0 0 0 0 0 1 1 1 1 1 1 1 0 0 0 0 0 0 0 1 1 1 1 1 1 1 0 0 0 0 0 0 0 1 1 1 1 1 1 1 0 0 0 0 0 0 0 1 1 1 1 1 1 1 0 0 0 0 0 0 0 1 1 1 1 1 1 1 0 0 0 0 0 0 0 1 1 1 1 1 1 1 0 0 0 0 0 0 0 1 1 1 1 1 1 1 0 0 0 0 0 0 0 1 1 1 1 1 1 1 0 0 0 0 0 0 0 1 1 1 1 1 1 1 0 0 0 0 0 0 0 1 1 1 1 1 1 1 0 0 0 0 0 0 0 1 1 1 1 1 1 1 0 0 0 0 0 0 0 1 1 1

ERR_ACT : 25
ERR_EXP : 25

COMPARES  : 176
FAILURES  : 0
STUFF ERRORS : EXP=25 ACT=25
============================================================

Running Test: Random bit
[CMP 1] EXP=1 ACT=1

[CMP 2] EXP=1 ACT=1

[CMP 3] EXP=0 ACT=0

[CMP 4] EXP=0 ACT=0

[CMP 5] EXP=0 ACT=0

[CMP 6] EXP=0 ACT=0

[CMP 7] EXP=0 ACT=0

[CMP 8] EXP=0 ACT=0

[CMP 9] EXP=1 ACT=1

[CMP 10] EXP=0 ACT=0

[CMP 11] EXP=1 ACT=1

[CMP 12] EXP=0 ACT=0

[CMP 13] EXP=0 ACT=0

[CMP 14] EXP=0 ACT=0

[CMP 15] EXP=1 ACT=1

[CMP 16] EXP=0 ACT=0

[CMP 17] EXP=0 ACT=0

[CMP 18] EXP=1 ACT=1

[CMP 19] EXP=0 ACT=0

[CMP 20] EXP=1 ACT=1

[CMP 21] EXP=0 ACT=0

[CMP 22] EXP=1 ACT=1

[CMP 23] EXP=1 ACT=1

[CMP 24] EXP=0 ACT=0

[CMP 25] EXP=1 ACT=1

[CMP 26] EXP=1 ACT=1

[CMP 27] EXP=1 ACT=1

[CMP 28] EXP=1 ACT=1

[CMP 29] EXP=1 ACT=1

[CMP 30] EXP=1 ACT=1

[CMP 31] EXP=1 ACT=1

[CMP 32] EXP=1 ACT=1

[CMP 33] EXP=0 ACT=0

[CMP 34] EXP=0 ACT=0

[CMP 35] EXP=0 ACT=0

[CMP 36] EXP=1 ACT=1

[CMP 37] EXP=1 ACT=1

[CMP 38] EXP=1 ACT=1

[CMP 39] EXP=0 ACT=0

[CMP 40] EXP=1 ACT=1

[CMP 41] EXP=0 ACT=0

[CMP 42] EXP=0 ACT=0

[CMP 43] EXP=1 ACT=1

[CMP 44] EXP=1 ACT=1

[CMP 45] EXP=0 ACT=0

[CMP 46] EXP=0 ACT=0

[CMP 47] EXP=0 ACT=0

[CMP 48] EXP=1 ACT=1

[CMP 49] EXP=1 ACT=1

[CMP 50] EXP=0 ACT=0

[CMP 51] EXP=0 ACT=0

[CMP 52] EXP=0 ACT=0

[CMP 53] EXP=0 ACT=0

[CMP 54] EXP=0 ACT=0

[CMP 55] EXP=1 ACT=1

[CMP 56] EXP=1 ACT=1

[CMP 57] EXP=1 ACT=1

[CMP 58] EXP=1 ACT=1

[CMP 59] EXP=1 ACT=1

[CMP 60] EXP=0 ACT=0

[CMP 61] EXP=1 ACT=1

[CMP 62] EXP=0 ACT=0

[CMP 63] EXP=0 ACT=0

[CMP 64] EXP=0 ACT=0

[CMP 65] EXP=0 ACT=0

[CMP 66] EXP=0 ACT=0

[CMP 67] EXP=1 ACT=1

[CMP 68] EXP=0 ACT=0

[CMP 69] EXP=1 ACT=1

[CMP 70] EXP=1 ACT=1

[CMP 71] EXP=0 ACT=0

[CMP 72] EXP=1 ACT=1

[CMP 73] EXP=1 ACT=1

[CMP 74] EXP=1 ACT=1

[CMP 75] EXP=1 ACT=1

[CMP 76] EXP=1 ACT=1

[CMP 77] EXP=0 ACT=0

[CMP 78] EXP=0 ACT=0

[CMP 79] EXP=1 ACT=1

[CMP 80] EXP=0 ACT=0

[CMP 81] EXP=1 ACT=1

[CMP 82] EXP=0 ACT=0

[CMP 83] EXP=1 ACT=1

[CMP 84] EXP=0 ACT=0

[CMP 85] EXP=0 ACT=0

[CMP 86] EXP=0 ACT=0

[CMP 87] EXP=1 ACT=1

[CMP 88] EXP=0 ACT=0

[CMP 89] EXP=1 ACT=1

[CMP 90] EXP=1 ACT=1

[CMP 91] EXP=1 ACT=1

[CMP 92] EXP=1 ACT=1

[CMP 93] EXP=1 ACT=1

[CMP 94] EXP=0 ACT=0

[CMP 95] EXP=0 ACT=0

[CMP 96] EXP=0 ACT=0

[CMP 97] EXP=1 ACT=1

[CMP 98] EXP=1 ACT=1

[CMP 99] EXP=0 ACT=0

[CMP 100] EXP=0 ACT=0

[CMP 101] EXP=1 ACT=1

[CMP 102] EXP=0 ACT=0

[CMP 103] EXP=0 ACT=0

[CMP 104] EXP=1 ACT=1

[CMP 105] EXP=0 ACT=0

[CMP 106] EXP=0 ACT=0

[CMP 107] EXP=0 ACT=0

[CMP 108] EXP=0 ACT=0

[CMP 109] EXP=0 ACT=0

[CMP 110] EXP=0 ACT=0

[CMP 111] EXP=1 ACT=1

[CMP 112] EXP=0 ACT=0

[CMP 113] EXP=1 ACT=1

[CMP 114] EXP=0 ACT=0

[CMP 115] EXP=0 ACT=0

[CMP 116] EXP=1 ACT=1

[CMP 117] EXP=0 ACT=0

[CMP 118] EXP=1 ACT=1

[CMP 119] EXP=1 ACT=1

[CMP 120] EXP=0 ACT=0

[CMP 121] EXP=0 ACT=0

[CMP 122] EXP=1 ACT=1

[CMP 123] EXP=0 ACT=0

[CMP 124] EXP=1 ACT=1

[CMP 125] EXP=1 ACT=1

[CMP 126] EXP=1 ACT=1

[CMP 127] EXP=0 ACT=0

[CMP 128] EXP=0 ACT=0

[CMP 129] EXP=0 ACT=0

[CMP 130] EXP=1 ACT=1

[CMP 131] EXP=1 ACT=1

[CMP 132] EXP=0 ACT=0

[CMP 133] EXP=0 ACT=0

[CMP 134] EXP=1 ACT=1

[CMP 135] EXP=1 ACT=1

[CMP 136] EXP=0 ACT=0

[CMP 137] EXP=1 ACT=1

[CMP 138] EXP=1 ACT=1

[CMP 139] EXP=1 ACT=1

[CMP 140] EXP=0 ACT=0

[CMP 141] EXP=1 ACT=1

[CMP 142] EXP=0 ACT=0

[CMP 143] EXP=1 ACT=1

[CMP 144] EXP=0 ACT=0

[CMP 145] EXP=1 ACT=1

[CMP 146] EXP=1 ACT=1

[CMP 147] EXP=1 ACT=1

[CMP 148] EXP=0 ACT=0

[CMP 149] EXP=1 ACT=1

[CMP 150] EXP=1 ACT=1

[CMP 151] EXP=0 ACT=0

[CMP 152] EXP=1 ACT=1

[CMP 153] EXP=1 ACT=1

[CMP 154] EXP=0 ACT=0

[CMP 155] EXP=0 ACT=0

[CMP 156] EXP=0 ACT=0

[CMP 157] EXP=0 ACT=0

[CMP 158] EXP=0 ACT=0

[CMP 159] EXP=0 ACT=0

[CMP 160] EXP=1 ACT=1

[CMP 161] EXP=0 ACT=0

[CMP 162] EXP=0 ACT=0

[CMP 163] EXP=1 ACT=1

[CMP 164] EXP=1 ACT=1

[CMP 165] EXP=1 ACT=1

[CMP 166] EXP=0 ACT=0

[CMP 167] EXP=0 ACT=0

[CMP 168] EXP=1 ACT=1

[CMP 169] EXP=1 ACT=1

[CMP 170] EXP=1 ACT=1

[CMP 171] EXP=1 ACT=1

[CMP 172] EXP=0 ACT=0

[CMP 173] EXP=1 ACT=1

[CMP 174] EXP=1 ACT=1

[CMP 175] EXP=0 ACT=0

[CMP 176] EXP=0 ACT=0

[CMP 177] EXP=1 ACT=1

[CMP 178] EXP=0 ACT=0

[CMP 179] EXP=1 ACT=1

[CMP 180] EXP=0 ACT=0

[CMP 181] EXP=0 ACT=0

[CMP 182] EXP=1 ACT=1

[CMP 183] EXP=1 ACT=1

[CMP 184] EXP=0 ACT=0

[CMP 185] EXP=0 ACT=0

[CMP 186] EXP=0 ACT=0

[CMP 187] EXP=0 ACT=0

[CMP 188] EXP=1 ACT=1

[CMP 189] EXP=0 ACT=0

[CMP 190] EXP=0 ACT=0

[CMP 191] EXP=1 ACT=1

[CMP 192] EXP=1 ACT=1

Completed Test: Random bit


============================================================
Test Name:      Random bit
INP STREAM:
1 1 0 0 0 0 0 0 0 1 0 1 0 0 0 1 0 0 1 0 1 0 1 1 0 1 1 1 1 1 1 1 1 1 0 0 0 1 1 1 0 1 0 0 1 1 0 0 0 1 1 0 0 0 0 0 1 1 1 1 1 1 1 0 1 0 0 0 0 0 0 1 0 1 1 0 1 1 1 1 1 1 0 0 1 0 1 0 1 0 0 0 1 0 1 1 1 1 1 0 0 0 0 1 1 0 0 1 0 0 1 0 0 0 0 0 0 0 1 0 1 0 0 1 0 1 1 0 0 1 0 1 1 1 0 0 0 1 1 0 0 1 1 0 1 1 1 0 1 0 1 0 1 1 1 0 1 1 0 1 1 0 0 0 0 0 1 0 1 0 0 1 1 1 0 0 1 1 1 1 0 1 1 0 0 1 0 1 0 0 1 1 0 0 0 0 1 0 0 1 1 1

ACT STREAM:
1 1 0 0 0 0 0 0 1 0 1 0 0 0 1 0 0 1 0 1 0 1 1 0 1 1 1 1 1 1 1 1 0 0 0 1 1 1 0 1 0 0 1 1 0 0 0 1 1 0 0 0 0 0 1 1 1 1 1 0 1 0 0 0 0 0 1 0 1 1 0 1 1 1 1 1 0 0 1 0 1 0 1 0 0 0 1 0 1 1 1 1 1 0 0 0 1 1 0 0 1 0 0 1 0 0 0 0 0 0 1 0 1 0 0 1 0 1 1 0 0 1 0 1 1 1 0 0 0 1 1 0 0 1 1 0 1 1 1 0 1 0 1 0 1 1 1 0 1 1 0 1 1 0 0 0 0 0 0 1 0 0 1 1 1 0 0 1 1 1 1 0 1 1 0 0 1 0 1 0 0 1 1 0 0 0 0 1 0 0 1 1

EXP STREAM:
1 1 0 0 0 0 0 0 1 0 1 0 0 0 1 0 0 1 0 1 0 1 1 0 1 1 1 1 1 1 1 1 0 0 0 1 1 1 0 1 0 0 1 1 0 0 0 1 1 0 0 0 0 0 1 1 1 1 1 0 1 0 0 0 0 0 1 0 1 1 0 1 1 1 1 1 0 0 1 0 1 0 1 0 0 0 1 0 1 1 1 1 1 0 0 0 1 1 0 0 1 0 0 1 0 0 0 0 0 0 1 0 1 0 0 1 0 1 1 0 0 1 0 1 1 1 0 0 0 1 1 0 0 1 1 0 1 1 1 0 1 0 1 0 1 1 1 0 1 1 0 1 1 0 0 0 0 0 0 1 0 0 1 1 1 0 0 1 1 1 1 0 1 1 0 0 1 0 1 0 0 1 1 0 0 0 0 1 0 0 1 1 1

ERR_ACT : 6
ERR_EXP : 6

COMPARES  : 192
FAILURES  : 0
STUFF ERRORS : EXP=6 ACT=6
============================================================

Running Test: Random Valid
[CMP 1] EXP=0 ACT=0

[CMP 2] EXP=0 ACT=0

[CMP 3] EXP=0 ACT=0

[CMP 4] EXP=0 ACT=0

[CMP 5] EXP=0 ACT=0

FAILED!
Last Inputs
000000
Last Output
000000
Last Expect
000001
[CMP 7] EXP=1 ACT=1

[CMP 8] EXP=1 ACT=1

[CMP 9] EXP=1 ACT=1

FAILED!
Last Inputs
0000011110
Last Output
0000001111
Last Expect
0000011110
[CMP 11] EXP=0 ACT=0

FAILED!
Last Inputs
0001111001
Last Output
0000111100
Last Expect
0001111001
[CMP 13] EXP=1 ACT=1

[CMP 14] EXP=1 ACT=1

FAILED!
Last Inputs
1111001110
Last Output
0111100111
Last Expect
1111001110
FAILED!
Last Inputs
1110011101
Last Output
1111001110
Last Expect
1110011101
[CMP 17] EXP=1 ACT=1

[CMP 18] EXP=1 ACT=1

FAILED!
Last Inputs
0011101110
Last Output
1001110111
Last Expect
0011101110
FAILED!
Last Inputs
0111011101
Last Output
0011101110
Last Expect
0111011101
FAILED!
Last Inputs
1110111010
Last Output
0111011101
Last Expect
1110111010
FAILED!
Last Inputs
1101110101
Last Output
1110111010
Last Expect
1101110101
FAILED!
Last Inputs
1011101010
Last Output
1101110101
Last Expect
1011101010
FAILED!
Last Inputs
0111010101
Last Output
1011101010
Last Expect
0111010101
FAILED!
Last Inputs
1110101010
Last Output
0111010101
Last Expect
1110101010
FAILED!
Last Inputs
1101010101
Last Output
1110101010
Last Expect
1101010101
[CMP 27] EXP=1 ACT=1

[CMP 28] EXP=1 ACT=1

[CMP 29] EXP=1 ACT=1

[CMP 30] EXP=1 ACT=1

[CMP 31] EXP=1 ACT=1

[CMP 32] EXP=1 ACT=1

FAILED!
Last Inputs
0111111110
Last Output
0101111111
Last Expect
1011111110
FAILED!
Last Inputs
1111111101
Last Output
1011111110
Last Expect
0111111101
FAILED!
Last Inputs
1111111010
Last Output
0111111101
Last Expect
1111111010
FAILED!
Last Inputs
1111110101
Last Output
1111111010
Last Expect
1111110101
FAILED!
Last Inputs
1111101010
Last Output
1111110101
Last Expect
1111101010
[CMP 38] EXP=0 ACT=0

[CMP 39] EXP=0 ACT=0

FAILED!
Last Inputs
1101010001
Last Output
1110101000
Last Expect
1101010001
[CMP 41] EXP=1 ACT=1

[CMP 42] EXP=1 ACT=1

[CMP 43] EXP=1 ACT=1

[CMP 44] EXP=1 ACT=1

[CMP 45] EXP=1 ACT=1

[CMP 46] EXP=1 ACT=1

FAILED!
Last Inputs
0111111110
Last Output
0001111111
Last Expect
0011111110
FAILED!
Last Inputs
1111111101
Last Output
0011111110
Last Expect
0111111101
[CMP 49] EXP=1 ACT=1

[CMP 50] EXP=1 ACT=1

FAILED!
Last Inputs
1111101110
Last Output
1111110111
Last Expect
1111101110
[CMP 52] EXP=0 ACT=0

FAILED!
Last Inputs
1110111001
Last Output
1111011100
Last Expect
1110111001
[CMP 54] EXP=1 ACT=1

[CMP 55] EXP=1 ACT=1

FAILED!
Last Inputs
0111001110
Last Output
1011100111
Last Expect
0111001110
FAILED!
Last Inputs
1110011101
Last Output
0111001110
Last Expect
1110011101
[CMP 58] EXP=1 ACT=1

FAILED!
Last Inputs
1001110110
Last Output
1100111011
Last Expect
1001110110
FAILED!
Last Inputs
0011101101
Last Output
1001110110
Last Expect
0011101101
[CMP 61] EXP=1 ACT=1

[CMP 62] EXP=1 ACT=1

FAILED!
Last Inputs
1101101110
Last Output
1110110111
Last Expect
1101101110
FAILED!
Last Inputs
1011011101
Last Output
1101101110
Last Expect
1011011101
FAILED!
Last Inputs
0110111010
Last Output
1011011101
Last Expect
0110111010
[CMP 66] EXP=0 ACT=0

[CMP 67] EXP=0 ACT=0

[CMP 68] EXP=0 ACT=0

[CMP 69] EXP=0 ACT=0

[CMP 70] EXP=0 ACT=0

FAILED!
Last Inputs
0100000001
Last Output
1101000000
Last Expect
1010000001
[CMP 72] EXP=1 ACT=1

[CMP 73] EXP=1 ACT=1

[CMP 74] EXP=1 ACT=1

[CMP 75] EXP=1 ACT=1

[CMP 76] EXP=1 ACT=1

[CMP 77] EXP=1 ACT=1

[CMP 78] EXP=1 ACT=1

FAILED!
Last Inputs
1111111110
Last Output
0111111111
Last Expect
0111111110
FAILED!
Last Inputs
1111111100
Last Output
1111111110
Last Expect
1111111100
FAILED!
Last Inputs
1111111001
Last Output
1111111100
Last Expect
1111111001
FAILED!
Last Inputs
1111110011
Last Output
1111111001
Last Expect
1111110011
FAILED!
Last Inputs
1111100110
Last Output
1111110011
Last Expect
1111100110
FAILED!
Last Inputs
1111001100
Last Output
1111100110
Last Expect
1111001100
[CMP 85] EXP=0 ACT=0

[CMP 86] EXP=0 ACT=0

FAILED!
Last Inputs
1001100001
Last Output
1100110000
Last Expect
1001100001
[CMP 88] EXP=0 ACT=0

[CMP 89] EXP=1 ACT=1

FAILED!
Last Inputs
1100001011
Last Output
0110000101
Last Expect
1100001011
[CMP 91] EXP=1 ACT=1

FAILED!
Last Inputs
0000101110
Last Output
1000010111
Last Expect
0000101110
[CMP 93] EXP=1 ACT=1

[CMP 94] EXP=0 ACT=0

[CMP 95] EXP=1 ACT=1

[CMP 96] EXP=0 ACT=0

[CMP 97] EXP=1 ACT=1

FAILED!
Last Inputs
1110101011
Last Output
0111010101
Last Expect
1110101011
FAILED!
Last Inputs
1101010110
Last Output
1110101011
Last Expect
1101010110
FAILED!
Last Inputs
1010101100
Last Output
1101010110
Last Expect
1010101100
FAILED!
Last Inputs
0101011001
Last Output
1010101100
Last Expect
0101011001
FAILED!
Last Inputs
1010110011
Last Output
0101011001
Last Expect
1010110011
[CMP 103] EXP=1 ACT=1

Completed Test: Random Valid


============================================================
Test Name:      Random Valid
INP STREAM:
0 0 0 0 0 0 1 1 1 1 0 0 1 1 1 0 1 1 1 0 1 0 1 0 1 0 1 1 1 1 1 1 1 1 0 1 0 1 0 0 0 1 1 1 1 1 1 1 1 0 1 1 1 0 0 1 1 1 0 1 1 0 1 1 1 0 1 0 0 0 0 0 0 0 1 1 1 1 1 1 1 1 1 0 0 1 1 0 0 0 0 1 0 1 1 1 0 1 0 1 0 1 1 0 0 1 1 1

ACT STREAM:
0 0 0 0 0 0 1 1 1 1 0 0 1 1 1 0 1 1 1 0 1 0 1 0 1 0 1 1 1 1 1 1 1 0 1 0 1 0 0 0 1 1 1 1 1 1 1 0 1 1 1 0 0 1 1 1 0 1 1 0 1 1 1 0 1 0 0 0 0 0 0 1 1 1 1 1 1 1 1 1 0 0 1 1 0 0 0 0 1 0 1 1 1 0 1 0 1 0 1 1 0 0 1 1

EXP STREAM:
0 0 0 0 0 1 1 1 1 0 0 1 1 1 0 1 1 1 0 1 0 1 0 1 0 1 1 1 1 1 1 1 0 1 0 1 0 0 0 1 1 1 1 1 1 1 0 1 1 1 0 0 1 1 1 0 1 1 0 1 1 1 0 1 0 0 0 0 0 0 1 1 1 1 1 1 1 1 0 0 1 1 0 0 0 0 1 0 1 1 1 0 1 0 1 0 1 1 0 0 1 1 1

ERR_ACT : 5
ERR_EXP : 5

COMPARES  : 103
FAILURES  : 45
STUFF ERRORS : EXP=5 ACT=5
============================================================

