Executing all_zeros_data_in

[CYCLE 0]
IN : DV=1 DIN=0 INIT=0 CAP=0
EXP: LFSR=000000000000000 CRC=000000000000000 VALID=0
ACT: LFSR=000000000000000 CRC=000000000000000 VALID=0

[CYCLE 1]
IN : DV=1 DIN=0 INIT=0 CAP=0
EXP: LFSR=000000000000000 CRC=000000000000000 VALID=0
ACT: LFSR=000000000000000 CRC=000000000000000 VALID=0
[PASS @ CYCLE 2] TOTAL=1 FAIL=0

[CYCLE 2]
IN : DV=1 DIN=0 INIT=0 CAP=0
EXP: LFSR=000000000000000 CRC=000000000000000 VALID=0
ACT: LFSR=000000000000000 CRC=000000000000000 VALID=0
[PASS @ CYCLE 3] TOTAL=2 FAIL=0

[CYCLE 3]
IN : DV=1 DIN=0 INIT=0 CAP=0
EXP: LFSR=000000000000000 CRC=000000000000000 VALID=0
ACT: LFSR=000000000000000 CRC=000000000000000 VALID=0
[PASS @ CYCLE 4] TOTAL=3 FAIL=0

[CYCLE 4]
IN : DV=1 DIN=0 INIT=0 CAP=0
EXP: LFSR=000000000000000 CRC=000000000000000 VALID=0
ACT: LFSR=000000000000000 CRC=000000000000000 VALID=0
[PASS @ CYCLE 5] TOTAL=4 FAIL=0

[CYCLE 5]
IN : DV=1 DIN=0 INIT=0 CAP=0
EXP: LFSR=000000000000000 CRC=000000000000000 VALID=0
ACT: LFSR=000000000000000 CRC=000000000000000 VALID=0
[PASS @ CYCLE 6] TOTAL=5 FAIL=0

[CYCLE 6]
IN : DV=1 DIN=0 INIT=0 CAP=0
EXP: LFSR=000000000000000 CRC=000000000000000 VALID=0
ACT: LFSR=000000000000000 CRC=000000000000000 VALID=0
[PASS @ CYCLE 7] TOTAL=6 FAIL=0

[CYCLE 7]
IN : DV=1 DIN=0 INIT=0 CAP=0
EXP: LFSR=000000000000000 CRC=000000000000000 VALID=0
ACT: LFSR=000000000000000 CRC=000000000000000 VALID=0
[PASS @ CYCLE 8] TOTAL=7 FAIL=0

[CYCLE 8]
IN : DV=1 DIN=0 INIT=0 CAP=0
EXP: LFSR=000000000000000 CRC=000000000000000 VALID=0
ACT: LFSR=000000000000000 CRC=000000000000000 VALID=0
[PASS @ CYCLE 9] TOTAL=8 FAIL=0

[CYCLE 9]
IN : DV=1 DIN=0 INIT=0 CAP=0
EXP: LFSR=000000000000000 CRC=000000000000000 VALID=0
ACT: LFSR=000000000000000 CRC=000000000000000 VALID=0
[PASS @ CYCLE 10] TOTAL=9 FAIL=0

[CYCLE 10]
IN : DV=1 DIN=0 INIT=0 CAP=0
EXP: LFSR=000000000000000 CRC=000000000000000 VALID=0
ACT: LFSR=000000000000000 CRC=000000000000000 VALID=0
[PASS @ CYCLE 11] TOTAL=10 FAIL=0

[CYCLE 11]
IN : DV=1 DIN=0 INIT=0 CAP=0
EXP: LFSR=000000000000000 CRC=000000000000000 VALID=0
ACT: LFSR=000000000000000 CRC=000000000000000 VALID=0
[PASS @ CYCLE 12] TOTAL=11 FAIL=0

[CYCLE 12]
IN : DV=1 DIN=0 INIT=0 CAP=0
EXP: LFSR=000000000000000 CRC=000000000000000 VALID=0
ACT: LFSR=000000000000000 CRC=000000000000000 VALID=0
[PASS @ CYCLE 13] TOTAL=12 FAIL=0

[CYCLE 13]
IN : DV=1 DIN=0 INIT=0 CAP=0
EXP: LFSR=000000000000000 CRC=000000000000000 VALID=0
ACT: LFSR=000000000000000 CRC=000000000000000 VALID=0
[PASS @ CYCLE 14] TOTAL=13 FAIL=0

[CYCLE 14]
IN : DV=1 DIN=0 INIT=0 CAP=0
EXP: LFSR=000000000000000 CRC=000000000000000 VALID=0
ACT: LFSR=000000000000000 CRC=000000000000000 VALID=0
[PASS @ CYCLE 15] TOTAL=14 FAIL=0

[CYCLE 15]
IN : DV=1 DIN=0 INIT=0 CAP=0
EXP: LFSR=000000000000000 CRC=000000000000000 VALID=0
ACT: LFSR=000000000000000 CRC=000000000000000 VALID=0
[PASS @ CYCLE 16] TOTAL=15 FAIL=0

[CYCLE 16]
IN : DV=1 DIN=0 INIT=0 CAP=0
EXP: LFSR=000000000000000 CRC=000000000000000 VALID=0
ACT: LFSR=000000000000000 CRC=000000000000000 VALID=0
[PASS @ CYCLE 17] TOTAL=16 FAIL=0

[CYCLE 17]
IN : DV=1 DIN=0 INIT=0 CAP=0
EXP: LFSR=000000000000000 CRC=000000000000000 VALID=0
ACT: LFSR=000000000000000 CRC=000000000000000 VALID=0
[PASS @ CYCLE 18] TOTAL=17 FAIL=0
FinishedThe Result for {name}: 
		Total TC: 17		Pass TC: 17		Failed TC: 0

Executing all_ones_data_in

[CYCLE 0]
IN : DV=1 DIN=1 INIT=0 CAP=0
EXP: LFSR=100010110011001 CRC=000000000000000 VALID=0
ACT: LFSR=000000000000000 CRC=000000000000000 VALID=0

[CYCLE 1]
IN : DV=1 DIN=1 INIT=0 CAP=0
EXP: LFSR=000101100110010 CRC=000000000000000 VALID=0
ACT: LFSR=100010110011001 CRC=000000000000000 VALID=0
[PASS @ CYCLE 2] TOTAL=1 FAIL=0

[CYCLE 2]
IN : DV=1 DIN=1 INIT=0 CAP=0
EXP: LFSR=101001111111101 CRC=000000000000000 VALID=0
ACT: LFSR=000101100110010 CRC=000000000000000 VALID=0
[PASS @ CYCLE 3] TOTAL=2 FAIL=0

[CYCLE 3]
IN : DV=1 DIN=1 INIT=0 CAP=0
EXP: LFSR=010011111111010 CRC=000000000000000 VALID=0
ACT: LFSR=101001111111101 CRC=000000000000000 VALID=0
[PASS @ CYCLE 4] TOTAL=3 FAIL=0

[CYCLE 4]
IN : DV=1 DIN=1 INIT=0 CAP=0
EXP: LFSR=000101001101101 CRC=000000000000000 VALID=0
ACT: LFSR=010011111111010 CRC=000000000000000 VALID=0
[PASS @ CYCLE 5] TOTAL=4 FAIL=0

[CYCLE 5]
IN : DV=1 DIN=1 INIT=0 CAP=0
EXP: LFSR=101000101000011 CRC=000000000000000 VALID=0
ACT: LFSR=000101001101101 CRC=000000000000000 VALID=0
[PASS @ CYCLE 6] TOTAL=5 FAIL=0

[CYCLE 6]
IN : DV=1 DIN=1 INIT=0 CAP=0
EXP: LFSR=010001010000110 CRC=000000000000000 VALID=0
ACT: LFSR=101000101000011 CRC=000000000000000 VALID=0
[PASS @ CYCLE 7] TOTAL=6 FAIL=0

[CYCLE 7]
IN : DV=1 DIN=1 INIT=0 CAP=0
EXP: LFSR=000000010010101 CRC=000000000000000 VALID=0
ACT: LFSR=010001010000110 CRC=000000000000000 VALID=0
[PASS @ CYCLE 8] TOTAL=7 FAIL=0

[CYCLE 8]
IN : DV=1 DIN=1 INIT=0 CAP=0
EXP: LFSR=100010010110011 CRC=000000000000000 VALID=0
ACT: LFSR=000000010010101 CRC=000000000000000 VALID=0
[PASS @ CYCLE 9] TOTAL=8 FAIL=0

[CYCLE 9]
IN : DV=1 DIN=1 INIT=0 CAP=0
EXP: LFSR=000100101100110 CRC=000000000000000 VALID=0
ACT: LFSR=100010010110011 CRC=000000000000000 VALID=0
[PASS @ CYCLE 10] TOTAL=9 FAIL=0

[CYCLE 10]
IN : DV=1 DIN=1 INIT=0 CAP=0
EXP: LFSR=101011101010101 CRC=000000000000000 VALID=0
ACT: LFSR=000100101100110 CRC=000000000000000 VALID=0
[PASS @ CYCLE 11] TOTAL=10 FAIL=0

[CYCLE 11]
IN : DV=1 DIN=1 INIT=0 CAP=0
EXP: LFSR=010111010101010 CRC=000000000000000 VALID=0
ACT: LFSR=101011101010101 CRC=000000000000000 VALID=0
[PASS @ CYCLE 12] TOTAL=11 FAIL=0

[CYCLE 12]
IN : DV=1 DIN=1 INIT=0 CAP=0
EXP: LFSR=001100011001101 CRC=000000000000000 VALID=0
ACT: LFSR=010111010101010 CRC=000000000000000 VALID=0
[PASS @ CYCLE 13] TOTAL=12 FAIL=0

[CYCLE 13]
IN : DV=1 DIN=1 INIT=0 CAP=0
EXP: LFSR=111010000000011 CRC=000000000000000 VALID=0
ACT: LFSR=001100011001101 CRC=000000000000000 VALID=0
[PASS @ CYCLE 14] TOTAL=13 FAIL=0

[CYCLE 14]
IN : DV=1 DIN=1 INIT=0 CAP=0
EXP: LFSR=110100000000110 CRC=000000000000000 VALID=0
ACT: LFSR=111010000000011 CRC=000000000000000 VALID=0
[PASS @ CYCLE 15] TOTAL=14 FAIL=0

[CYCLE 15]
IN : DV=1 DIN=1 INIT=0 CAP=0
EXP: LFSR=101000000001100 CRC=000000000000000 VALID=0
ACT: LFSR=110100000000110 CRC=000000000000000 VALID=0
[PASS @ CYCLE 16] TOTAL=15 FAIL=0

[CYCLE 16]
IN : DV=1 DIN=1 INIT=0 CAP=0
EXP: LFSR=010000000011000 CRC=000000000000000 VALID=0
ACT: LFSR=101000000001100 CRC=000000000000000 VALID=0
[PASS @ CYCLE 17] TOTAL=16 FAIL=0

[CYCLE 17]
IN : DV=1 DIN=1 INIT=0 CAP=0
EXP: LFSR=000010110101001 CRC=000000000000000 VALID=0
ACT: LFSR=010000000011000 CRC=000000000000000 VALID=0
[PASS @ CYCLE 18] TOTAL=17 FAIL=0
FinishedThe Result for {name}: 
		Total TC: 17		Pass TC: 17		Failed TC: 0

Executing alternating_bits_data_in_h_valid

[CYCLE 0]
IN : DV=1 DIN=1 INIT=0 CAP=0
EXP: LFSR=100010110011001 CRC=000000000000000 VALID=0
ACT: LFSR=000000000000000 CRC=000000000000000 VALID=0

[CYCLE 1]
IN : DV=1 DIN=0 INIT=0 CAP=0
EXP: LFSR=100111010101011 CRC=000000000000000 VALID=0
ACT: LFSR=100010110011001 CRC=000000000000000 VALID=0
[PASS @ CYCLE 2] TOTAL=1 FAIL=0

[CYCLE 2]
IN : DV=1 DIN=1 INIT=0 CAP=0
EXP: LFSR=001110101010110 CRC=000000000000000 VALID=0
ACT: LFSR=100111010101011 CRC=000000000000000 VALID=0
[PASS @ CYCLE 3] TOTAL=2 FAIL=0

[CYCLE 3]
IN : DV=1 DIN=0 INIT=0 CAP=0
EXP: LFSR=011101010101100 CRC=000000000000000 VALID=0
ACT: LFSR=001110101010110 CRC=000000000000000 VALID=0
[PASS @ CYCLE 4] TOTAL=3 FAIL=0

[CYCLE 4]
IN : DV=1 DIN=1 INIT=0 CAP=0
EXP: LFSR=011000011000001 CRC=000000000000000 VALID=0
ACT: LFSR=011101010101100 CRC=000000000000000 VALID=0
[PASS @ CYCLE 5] TOTAL=4 FAIL=0

[CYCLE 5]
IN : DV=1 DIN=0 INIT=0 CAP=0
EXP: LFSR=110000110000010 CRC=000000000000000 VALID=0
ACT: LFSR=011000011000001 CRC=000000000000000 VALID=0
[PASS @ CYCLE 6] TOTAL=5 FAIL=0

[CYCLE 6]
IN : DV=1 DIN=1 INIT=0 CAP=0
EXP: LFSR=100001100000100 CRC=000000000000000 VALID=0
ACT: LFSR=110000110000010 CRC=000000000000000 VALID=0
[PASS @ CYCLE 7] TOTAL=6 FAIL=0

[CYCLE 7]
IN : DV=1 DIN=0 INIT=0 CAP=0
EXP: LFSR=100001110010001 CRC=000000000000000 VALID=0
ACT: LFSR=100001100000100 CRC=000000000000000 VALID=0
[PASS @ CYCLE 8] TOTAL=7 FAIL=0

[CYCLE 8]
IN : DV=1 DIN=1 INIT=0 CAP=0
EXP: LFSR=000011100100010 CRC=000000000000000 VALID=0
ACT: LFSR=100001110010001 CRC=000000000000000 VALID=0
[PASS @ CYCLE 9] TOTAL=8 FAIL=0

[CYCLE 9]
IN : DV=1 DIN=0 INIT=0 CAP=0
EXP: LFSR=000111001000100 CRC=000000000000000 VALID=0
ACT: LFSR=000011100100010 CRC=000000000000000 VALID=0
[PASS @ CYCLE 10] TOTAL=9 FAIL=0

[CYCLE 10]
IN : DV=1 DIN=1 INIT=0 CAP=0
EXP: LFSR=101100100010001 CRC=000000000000000 VALID=0
ACT: LFSR=000111001000100 CRC=000000000000000 VALID=0
[PASS @ CYCLE 11] TOTAL=10 FAIL=0

[CYCLE 11]
IN : DV=1 DIN=0 INIT=0 CAP=0
EXP: LFSR=111011110111011 CRC=000000000000000 VALID=0
ACT: LFSR=101100100010001 CRC=000000000000000 VALID=0
[PASS @ CYCLE 12] TOTAL=11 FAIL=0

[CYCLE 12]
IN : DV=1 DIN=1 INIT=0 CAP=0
EXP: LFSR=110111101110110 CRC=000000000000000 VALID=0
ACT: LFSR=111011110111011 CRC=000000000000000 VALID=0
[PASS @ CYCLE 13] TOTAL=12 FAIL=0

[CYCLE 13]
IN : DV=1 DIN=0 INIT=0 CAP=0
EXP: LFSR=001101101110101 CRC=000000000000000 VALID=0
ACT: LFSR=110111101110110 CRC=000000000000000 VALID=0
[PASS @ CYCLE 14] TOTAL=13 FAIL=0

[CYCLE 14]
IN : DV=1 DIN=1 INIT=0 CAP=0
EXP: LFSR=111001101110011 CRC=000000000000000 VALID=0
ACT: LFSR=001101101110101 CRC=000000000000000 VALID=0
[PASS @ CYCLE 15] TOTAL=14 FAIL=0

[CYCLE 15]
IN : DV=1 DIN=0 INIT=0 CAP=0
EXP: LFSR=010001101111111 CRC=000000000000000 VALID=0
ACT: LFSR=111001101110011 CRC=000000000000000 VALID=0
[PASS @ CYCLE 16] TOTAL=15 FAIL=0

[CYCLE 16]
IN : DV=1 DIN=0 INIT=0 CAP=0
EXP: LFSR=100011011111110 CRC=000000000000000 VALID=0
ACT: LFSR=010001101111111 CRC=000000000000000 VALID=0
[PASS @ CYCLE 17] TOTAL=16 FAIL=0

[CYCLE 17]
IN : DV=1 DIN=0 INIT=0 CAP=0
EXP: LFSR=100100001100101 CRC=000000000000000 VALID=0
ACT: LFSR=100011011111110 CRC=000000000000000 VALID=0
[PASS @ CYCLE 18] TOTAL=17 FAIL=0
FinishedThe Result for {name}: 
		Total TC: 17		Pass TC: 17		Failed TC: 0

Executing alternating_bits_data_in_l_valid
FinishedThe Result for {name}: 
		Total TC: 0		Pass TC: 0		Failed TC: 0

Executing alternating_bits_data_in_h_l_valid

[CYCLE 0]
IN : DV=1 DIN=0 INIT=0 CAP=0
EXP: LFSR=000000000000000 CRC=000000000000000 VALID=0
ACT: LFSR=000000000000000 CRC=000000000000000 VALID=0

[CYCLE 1]
IN : DV=1 DIN=0 INIT=0 CAP=0
EXP: LFSR=000000000000000 CRC=000000000000000 VALID=0
ACT: LFSR=000000000000000 CRC=000000000000000 VALID=0
[PASS @ CYCLE 2] TOTAL=1 FAIL=0

[CYCLE 2]
IN : DV=1 DIN=0 INIT=0 CAP=0
EXP: LFSR=000000000000000 CRC=000000000000000 VALID=0
ACT: LFSR=000000000000000 CRC=000000000000000 VALID=0
[PASS @ CYCLE 3] TOTAL=2 FAIL=0

[CYCLE 3]
IN : DV=1 DIN=0 INIT=0 CAP=0
EXP: LFSR=000000000000000 CRC=000000000000000 VALID=0
ACT: LFSR=000000000000000 CRC=000000000000000 VALID=0
[PASS @ CYCLE 4] TOTAL=3 FAIL=0

[CYCLE 4]
IN : DV=1 DIN=0 INIT=0 CAP=0
EXP: LFSR=000000000000000 CRC=000000000000000 VALID=0
ACT: LFSR=000000000000000 CRC=000000000000000 VALID=0
[PASS @ CYCLE 5] TOTAL=4 FAIL=0

[CYCLE 5]
IN : DV=1 DIN=0 INIT=0 CAP=0
EXP: LFSR=000000000000000 CRC=000000000000000 VALID=0
ACT: LFSR=000000000000000 CRC=000000000000000 VALID=0
[PASS @ CYCLE 6] TOTAL=5 FAIL=0

[CYCLE 6]
IN : DV=1 DIN=0 INIT=0 CAP=0
EXP: LFSR=000000000000000 CRC=000000000000000 VALID=0
ACT: LFSR=000000000000000 CRC=000000000000000 VALID=0
[PASS @ CYCLE 7] TOTAL=6 FAIL=0

[CYCLE 7]
IN : DV=1 DIN=0 INIT=0 CAP=0
EXP: LFSR=000000000000000 CRC=000000000000000 VALID=0
ACT: LFSR=000000000000000 CRC=000000000000000 VALID=0
[PASS @ CYCLE 8] TOTAL=7 FAIL=0

[CYCLE 8]
IN : DV=1 DIN=0 INIT=0 CAP=0
EXP: LFSR=000000000000000 CRC=000000000000000 VALID=0
ACT: LFSR=000000000000000 CRC=000000000000000 VALID=0
[PASS @ CYCLE 9] TOTAL=8 FAIL=0

[CYCLE 9]
IN : DV=1 DIN=0 INIT=0 CAP=0
EXP: LFSR=000000000000000 CRC=000000000000000 VALID=0
ACT: LFSR=000000000000000 CRC=000000000000000 VALID=0
[PASS @ CYCLE 10] TOTAL=9 FAIL=0
FinishedThe Result for {name}: 
		Total TC: 9		Pass TC: 9		Failed TC: 0

Executing walking_1

[CYCLE 0]
IN : DV=1 DIN=0 INIT=0 CAP=0
EXP: LFSR=000000000000000 CRC=000000000000000 VALID=0
ACT: LFSR=000000000000000 CRC=000000000000000 VALID=0

[CYCLE 1]
IN : DV=1 DIN=0 INIT=0 CAP=0
EXP: LFSR=000000000000000 CRC=000000000000000 VALID=0
ACT: LFSR=000000000000000 CRC=000000000000000 VALID=0
[PASS @ CYCLE 2] TOTAL=1 FAIL=0

[CYCLE 2]
IN : DV=1 DIN=0 INIT=0 CAP=0
EXP: LFSR=000000000000000 CRC=000000000000000 VALID=0
ACT: LFSR=000000000000000 CRC=000000000000000 VALID=0
[PASS @ CYCLE 3] TOTAL=2 FAIL=0

[CYCLE 3]
IN : DV=1 DIN=0 INIT=0 CAP=0
EXP: LFSR=000000000000000 CRC=000000000000000 VALID=0
ACT: LFSR=000000000000000 CRC=000000000000000 VALID=0
[PASS @ CYCLE 4] TOTAL=3 FAIL=0

[CYCLE 4]
IN : DV=1 DIN=0 INIT=0 CAP=0
EXP: LFSR=000000000000000 CRC=000000000000000 VALID=0
ACT: LFSR=000000000000000 CRC=000000000000000 VALID=0
[PASS @ CYCLE 5] TOTAL=4 FAIL=0

[CYCLE 5]
IN : DV=1 DIN=0 INIT=0 CAP=0
EXP: LFSR=000000000000000 CRC=000000000000000 VALID=0
ACT: LFSR=000000000000000 CRC=000000000000000 VALID=0
[PASS @ CYCLE 6] TOTAL=5 FAIL=0

[CYCLE 6]
IN : DV=1 DIN=0 INIT=0 CAP=0
EXP: LFSR=000000000000000 CRC=000000000000000 VALID=0
ACT: LFSR=000000000000000 CRC=000000000000000 VALID=0
[PASS @ CYCLE 7] TOTAL=6 FAIL=0

[CYCLE 7]
IN : DV=1 DIN=1 INIT=0 CAP=0
EXP: LFSR=100010110011001 CRC=000000000000000 VALID=0
ACT: LFSR=000000000000000 CRC=000000000000000 VALID=0
[PASS @ CYCLE 8] TOTAL=7 FAIL=0

[CYCLE 8]
IN : DV=1 DIN=0 INIT=0 CAP=0
EXP: LFSR=100111010101011 CRC=000000000000000 VALID=0
ACT: LFSR=100010110011001 CRC=000000000000000 VALID=0
[PASS @ CYCLE 9] TOTAL=8 FAIL=0

[CYCLE 9]
IN : DV=1 DIN=0 INIT=0 CAP=0
EXP: LFSR=101100011001111 CRC=000000000000000 VALID=0
ACT: LFSR=100111010101011 CRC=000000000000000 VALID=0
[PASS @ CYCLE 10] TOTAL=9 FAIL=0

[CYCLE 10]
IN : DV=1 DIN=0 INIT=0 CAP=0
EXP: LFSR=111010000000111 CRC=000000000000000 VALID=0
ACT: LFSR=101100011001111 CRC=000000000000000 VALID=0
[PASS @ CYCLE 11] TOTAL=10 FAIL=0

[CYCLE 11]
IN : DV=1 DIN=0 INIT=0 CAP=0
EXP: LFSR=010110110010111 CRC=000000000000000 VALID=0
ACT: LFSR=111010000000111 CRC=000000000000000 VALID=0
[PASS @ CYCLE 12] TOTAL=11 FAIL=0

[CYCLE 12]
IN : DV=1 DIN=0 INIT=0 CAP=0
EXP: LFSR=101101100101110 CRC=000000000000000 VALID=0
ACT: LFSR=010110110010111 CRC=000000000000000 VALID=0
[PASS @ CYCLE 13] TOTAL=12 FAIL=0

[CYCLE 13]
IN : DV=1 DIN=0 INIT=0 CAP=0
EXP: LFSR=111001111000101 CRC=000000000000000 VALID=0
ACT: LFSR=101101100101110 CRC=000000000000000 VALID=0
[PASS @ CYCLE 14] TOTAL=13 FAIL=0

[CYCLE 14]
IN : DV=1 DIN=1 INIT=0 CAP=0
EXP: LFSR=110011110001010 CRC=000000000000000 VALID=0
ACT: LFSR=111001111000101 CRC=000000000000000 VALID=0
[PASS @ CYCLE 15] TOTAL=14 FAIL=0

[CYCLE 15]
IN : DV=1 DIN=0 INIT=0 CAP=0
EXP: LFSR=000101010001101 CRC=000000000000000 VALID=0
ACT: LFSR=110011110001010 CRC=000000000000000 VALID=0
[PASS @ CYCLE 16] TOTAL=15 FAIL=0

[CYCLE 16]
IN : DV=1 DIN=0 INIT=0 CAP=0
EXP: LFSR=001010100011010 CRC=000000000000000 VALID=0
ACT: LFSR=000101010001101 CRC=000000000000000 VALID=0
[PASS @ CYCLE 17] TOTAL=16 FAIL=0

[CYCLE 17]
IN : DV=1 DIN=0 INIT=0 CAP=0
EXP: LFSR=010101000110100 CRC=000000000000000 VALID=0
ACT: LFSR=001010100011010 CRC=000000000000000 VALID=0
[PASS @ CYCLE 18] TOTAL=17 FAIL=0
FinishedThe Result for {name}: 
		Total TC: 17		Pass TC: 17		Failed TC: 0

Executing walking_0

[CYCLE 0]
IN : DV=1 DIN=1 INIT=0 CAP=0
EXP: LFSR=100010110011001 CRC=000000000000000 VALID=0
ACT: LFSR=000000000000000 CRC=000000000000000 VALID=0

[CYCLE 1]
IN : DV=1 DIN=1 INIT=0 CAP=0
EXP: LFSR=000101100110010 CRC=000000000000000 VALID=0
ACT: LFSR=100010110011001 CRC=000000000000000 VALID=0
[PASS @ CYCLE 2] TOTAL=1 FAIL=0

[CYCLE 2]
IN : DV=1 DIN=1 INIT=0 CAP=0
EXP: LFSR=101001111111101 CRC=000000000000000 VALID=0
ACT: LFSR=000101100110010 CRC=000000000000000 VALID=0
[PASS @ CYCLE 3] TOTAL=2 FAIL=0

[CYCLE 3]
IN : DV=1 DIN=1 INIT=0 CAP=0
EXP: LFSR=010011111111010 CRC=000000000000000 VALID=0
ACT: LFSR=101001111111101 CRC=000000000000000 VALID=0
[PASS @ CYCLE 4] TOTAL=3 FAIL=0

[CYCLE 4]
IN : DV=1 DIN=1 INIT=0 CAP=0
EXP: LFSR=000101001101101 CRC=000000000000000 VALID=0
ACT: LFSR=010011111111010 CRC=000000000000000 VALID=0
[PASS @ CYCLE 5] TOTAL=4 FAIL=0

[CYCLE 5]
IN : DV=1 DIN=1 INIT=0 CAP=0
EXP: LFSR=101000101000011 CRC=000000000000000 VALID=0
ACT: LFSR=000101001101101 CRC=000000000000000 VALID=0
[PASS @ CYCLE 6] TOTAL=5 FAIL=0

[CYCLE 6]
IN : DV=1 DIN=1 INIT=0 CAP=0
EXP: LFSR=010001010000110 CRC=000000000000000 VALID=0
ACT: LFSR=101000101000011 CRC=000000000000000 VALID=0
[PASS @ CYCLE 7] TOTAL=6 FAIL=0

[CYCLE 7]
IN : DV=1 DIN=0 INIT=0 CAP=0
EXP: LFSR=100010100001100 CRC=000000000000000 VALID=0
ACT: LFSR=010001010000110 CRC=000000000000000 VALID=0
[PASS @ CYCLE 8] TOTAL=7 FAIL=0

[CYCLE 8]
IN : DV=1 DIN=1 INIT=0 CAP=0
EXP: LFSR=000101000011000 CRC=000000000000000 VALID=0
ACT: LFSR=100010100001100 CRC=000000000000000 VALID=0
[PASS @ CYCLE 9] TOTAL=8 FAIL=0

[CYCLE 9]
IN : DV=1 DIN=1 INIT=0 CAP=0
EXP: LFSR=101000110101001 CRC=000000000000000 VALID=0
ACT: LFSR=000101000011000 CRC=000000000000000 VALID=0
[PASS @ CYCLE 10] TOTAL=9 FAIL=0

[CYCLE 10]
IN : DV=1 DIN=1 INIT=0 CAP=0
EXP: LFSR=010001101010010 CRC=000000000000000 VALID=0
ACT: LFSR=101000110101001 CRC=000000000000000 VALID=0
[PASS @ CYCLE 11] TOTAL=10 FAIL=0

[CYCLE 11]
IN : DV=1 DIN=1 INIT=0 CAP=0
EXP: LFSR=000001100111101 CRC=000000000000000 VALID=0
ACT: LFSR=010001101010010 CRC=000000000000000 VALID=0
[PASS @ CYCLE 12] TOTAL=11 FAIL=0

[CYCLE 12]
IN : DV=1 DIN=1 INIT=0 CAP=0
EXP: LFSR=100001111100011 CRC=000000000000000 VALID=0
ACT: LFSR=000001100111101 CRC=000000000000000 VALID=0
[PASS @ CYCLE 13] TOTAL=12 FAIL=0

[CYCLE 13]
IN : DV=1 DIN=1 INIT=0 CAP=0
EXP: LFSR=000011111000110 CRC=000000000000000 VALID=0
ACT: LFSR=100001111100011 CRC=000000000000000 VALID=0
[PASS @ CYCLE 14] TOTAL=13 FAIL=0

[CYCLE 14]
IN : DV=1 DIN=0 INIT=0 CAP=0
EXP: LFSR=000111110001100 CRC=000000000000000 VALID=0
ACT: LFSR=000011111000110 CRC=000000000000000 VALID=0
[PASS @ CYCLE 15] TOTAL=14 FAIL=0

[CYCLE 15]
IN : DV=1 DIN=1 INIT=0 CAP=0
EXP: LFSR=101101010000001 CRC=000000000000000 VALID=0
ACT: LFSR=000111110001100 CRC=000000000000000 VALID=0
[PASS @ CYCLE 16] TOTAL=15 FAIL=0

[CYCLE 16]
IN : DV=1 DIN=1 INIT=0 CAP=0
EXP: LFSR=011010100000010 CRC=000000000000000 VALID=0
ACT: LFSR=101101010000001 CRC=000000000000000 VALID=0
[PASS @ CYCLE 17] TOTAL=16 FAIL=0

[CYCLE 17]
IN : DV=1 DIN=1 INIT=0 CAP=0
EXP: LFSR=010111110011101 CRC=000000000000000 VALID=0
ACT: LFSR=011010100000010 CRC=000000000000000 VALID=0
[PASS @ CYCLE 18] TOTAL=17 FAIL=0
FinishedThe Result for {name}: 
		Total TC: 17		Pass TC: 17		Failed TC: 0

Executing step_up_1

[CYCLE 0]
IN : DV=1 DIN=0 INIT=0 CAP=0
EXP: LFSR=000000000000000 CRC=000000000000000 VALID=0
ACT: LFSR=000000000000000 CRC=000000000000000 VALID=0

[CYCLE 1]
IN : DV=1 DIN=0 INIT=0 CAP=0
EXP: LFSR=000000000000000 CRC=000000000000000 VALID=0
ACT: LFSR=000000000000000 CRC=000000000000000 VALID=0
[PASS @ CYCLE 2] TOTAL=1 FAIL=0

[CYCLE 2]
IN : DV=1 DIN=0 INIT=0 CAP=0
EXP: LFSR=000000000000000 CRC=000000000000000 VALID=0
ACT: LFSR=000000000000000 CRC=000000000000000 VALID=0
[PASS @ CYCLE 3] TOTAL=2 FAIL=0

[CYCLE 3]
IN : DV=1 DIN=0 INIT=0 CAP=0
EXP: LFSR=000000000000000 CRC=000000000000000 VALID=0
ACT: LFSR=000000000000000 CRC=000000000000000 VALID=0
[PASS @ CYCLE 4] TOTAL=3 FAIL=0

[CYCLE 4]
IN : DV=1 DIN=0 INIT=0 CAP=0
EXP: LFSR=000000000000000 CRC=000000000000000 VALID=0
ACT: LFSR=000000000000000 CRC=000000000000000 VALID=0
[PASS @ CYCLE 5] TOTAL=4 FAIL=0

[CYCLE 5]
IN : DV=1 DIN=0 INIT=0 CAP=0
EXP: LFSR=000000000000000 CRC=000000000000000 VALID=0
ACT: LFSR=000000000000000 CRC=000000000000000 VALID=0
[PASS @ CYCLE 6] TOTAL=5 FAIL=0

[CYCLE 6]
IN : DV=1 DIN=0 INIT=0 CAP=0
EXP: LFSR=000000000000000 CRC=000000000000000 VALID=0
ACT: LFSR=000000000000000 CRC=000000000000000 VALID=0
[PASS @ CYCLE 7] TOTAL=6 FAIL=0

[CYCLE 7]
IN : DV=1 DIN=1 INIT=0 CAP=0
EXP: LFSR=100010110011001 CRC=000000000000000 VALID=0
ACT: LFSR=000000000000000 CRC=000000000000000 VALID=0
[PASS @ CYCLE 8] TOTAL=7 FAIL=0

[CYCLE 8]
IN : DV=1 DIN=0 INIT=0 CAP=0
EXP: LFSR=100111010101011 CRC=000000000000000 VALID=0
ACT: LFSR=100010110011001 CRC=000000000000000 VALID=0
[PASS @ CYCLE 9] TOTAL=8 FAIL=0

[CYCLE 9]
IN : DV=1 DIN=0 INIT=0 CAP=0
EXP: LFSR=101100011001111 CRC=000000000000000 VALID=0
ACT: LFSR=100111010101011 CRC=000000000000000 VALID=0
[PASS @ CYCLE 10] TOTAL=9 FAIL=0

[CYCLE 10]
IN : DV=1 DIN=0 INIT=0 CAP=0
EXP: LFSR=111010000000111 CRC=000000000000000 VALID=0
ACT: LFSR=101100011001111 CRC=000000000000000 VALID=0
[PASS @ CYCLE 11] TOTAL=10 FAIL=0

[CYCLE 11]
IN : DV=1 DIN=0 INIT=0 CAP=0
EXP: LFSR=010110110010111 CRC=000000000000000 VALID=0
ACT: LFSR=111010000000111 CRC=000000000000000 VALID=0
[PASS @ CYCLE 12] TOTAL=11 FAIL=0

[CYCLE 12]
IN : DV=1 DIN=0 INIT=0 CAP=0
EXP: LFSR=101101100101110 CRC=000000000000000 VALID=0
ACT: LFSR=010110110010111 CRC=000000000000000 VALID=0
[PASS @ CYCLE 13] TOTAL=12 FAIL=0

[CYCLE 13]
IN : DV=1 DIN=0 INIT=0 CAP=0
EXP: LFSR=111001111000101 CRC=000000000000000 VALID=0
ACT: LFSR=101101100101110 CRC=000000000000000 VALID=0
[PASS @ CYCLE 14] TOTAL=13 FAIL=0

[CYCLE 14]
IN : DV=1 DIN=1 INIT=0 CAP=0
EXP: LFSR=110011110001010 CRC=000000000000000 VALID=0
ACT: LFSR=111001111000101 CRC=000000000000000 VALID=0
[PASS @ CYCLE 15] TOTAL=14 FAIL=0

[CYCLE 15]
IN : DV=1 DIN=1 INIT=0 CAP=0
EXP: LFSR=100111100010100 CRC=000000000000000 VALID=0
ACT: LFSR=110011110001010 CRC=000000000000000 VALID=0
[PASS @ CYCLE 16] TOTAL=15 FAIL=0

[CYCLE 16]
IN : DV=1 DIN=1 INIT=0 CAP=0
EXP: LFSR=001111000101000 CRC=000000000000000 VALID=0
ACT: LFSR=100111100010100 CRC=000000000000000 VALID=0
[PASS @ CYCLE 17] TOTAL=16 FAIL=0

[CYCLE 17]
IN : DV=1 DIN=1 INIT=0 CAP=0
EXP: LFSR=111100111001001 CRC=000000000000000 VALID=0
ACT: LFSR=001111000101000 CRC=000000000000000 VALID=0
[PASS @ CYCLE 18] TOTAL=17 FAIL=0
FinishedThe Result for {name}: 
		Total TC: 17		Pass TC: 17		Failed TC: 0

Executing step_down_1

[CYCLE 0]
IN : DV=1 DIN=1 INIT=0 CAP=0
EXP: LFSR=100010110011001 CRC=000000000000000 VALID=0
ACT: LFSR=000000000000000 CRC=000000000000000 VALID=0

[CYCLE 1]
IN : DV=1 DIN=1 INIT=0 CAP=0
EXP: LFSR=000101100110010 CRC=000000000000000 VALID=0
ACT: LFSR=100010110011001 CRC=000000000000000 VALID=0
[PASS @ CYCLE 2] TOTAL=1 FAIL=0

[CYCLE 2]
IN : DV=1 DIN=1 INIT=0 CAP=0
EXP: LFSR=101001111111101 CRC=000000000000000 VALID=0
ACT: LFSR=000101100110010 CRC=000000000000000 VALID=0
[PASS @ CYCLE 3] TOTAL=2 FAIL=0

[CYCLE 3]
IN : DV=1 DIN=1 INIT=0 CAP=0
EXP: LFSR=010011111111010 CRC=000000000000000 VALID=0
ACT: LFSR=101001111111101 CRC=000000000000000 VALID=0
[PASS @ CYCLE 4] TOTAL=3 FAIL=0

[CYCLE 4]
IN : DV=1 DIN=1 INIT=0 CAP=0
EXP: LFSR=000101001101101 CRC=000000000000000 VALID=0
ACT: LFSR=010011111111010 CRC=000000000000000 VALID=0
[PASS @ CYCLE 5] TOTAL=4 FAIL=0

[CYCLE 5]
IN : DV=1 DIN=1 INIT=0 CAP=0
EXP: LFSR=101000101000011 CRC=000000000000000 VALID=0
ACT: LFSR=000101001101101 CRC=000000000000000 VALID=0
[PASS @ CYCLE 6] TOTAL=5 FAIL=0

[CYCLE 6]
IN : DV=1 DIN=1 INIT=0 CAP=0
EXP: LFSR=010001010000110 CRC=000000000000000 VALID=0
ACT: LFSR=101000101000011 CRC=000000000000000 VALID=0
[PASS @ CYCLE 7] TOTAL=6 FAIL=0

[CYCLE 7]
IN : DV=1 DIN=0 INIT=0 CAP=0
EXP: LFSR=100010100001100 CRC=000000000000000 VALID=0
ACT: LFSR=010001010000110 CRC=000000000000000 VALID=0
[PASS @ CYCLE 8] TOTAL=7 FAIL=0

[CYCLE 8]
IN : DV=1 DIN=1 INIT=0 CAP=0
EXP: LFSR=000101000011000 CRC=000000000000000 VALID=0
ACT: LFSR=100010100001100 CRC=000000000000000 VALID=0
[PASS @ CYCLE 9] TOTAL=8 FAIL=0

[CYCLE 9]
IN : DV=1 DIN=1 INIT=0 CAP=0
EXP: LFSR=101000110101001 CRC=000000000000000 VALID=0
ACT: LFSR=000101000011000 CRC=000000000000000 VALID=0
[PASS @ CYCLE 10] TOTAL=9 FAIL=0

[CYCLE 10]
IN : DV=1 DIN=1 INIT=0 CAP=0
EXP: LFSR=010001101010010 CRC=000000000000000 VALID=0
ACT: LFSR=101000110101001 CRC=000000000000000 VALID=0
[PASS @ CYCLE 11] TOTAL=10 FAIL=0

[CYCLE 11]
IN : DV=1 DIN=1 INIT=0 CAP=0
EXP: LFSR=000001100111101 CRC=000000000000000 VALID=0
ACT: LFSR=010001101010010 CRC=000000000000000 VALID=0
[PASS @ CYCLE 12] TOTAL=11 FAIL=0

[CYCLE 12]
IN : DV=1 DIN=1 INIT=0 CAP=0
EXP: LFSR=100001111100011 CRC=000000000000000 VALID=0
ACT: LFSR=000001100111101 CRC=000000000000000 VALID=0
[PASS @ CYCLE 13] TOTAL=12 FAIL=0

[CYCLE 13]
IN : DV=1 DIN=1 INIT=0 CAP=0
EXP: LFSR=000011111000110 CRC=000000000000000 VALID=0
ACT: LFSR=100001111100011 CRC=000000000000000 VALID=0
[PASS @ CYCLE 14] TOTAL=13 FAIL=0

[CYCLE 14]
IN : DV=1 DIN=0 INIT=0 CAP=0
EXP: LFSR=000111110001100 CRC=000000000000000 VALID=0
ACT: LFSR=000011111000110 CRC=000000000000000 VALID=0
[PASS @ CYCLE 15] TOTAL=14 FAIL=0

[CYCLE 15]
IN : DV=1 DIN=0 INIT=0 CAP=0
EXP: LFSR=001111100011000 CRC=000000000000000 VALID=0
ACT: LFSR=000111110001100 CRC=000000000000000 VALID=0
[PASS @ CYCLE 16] TOTAL=15 FAIL=0

[CYCLE 16]
IN : DV=1 DIN=0 INIT=0 CAP=0
EXP: LFSR=011111000110000 CRC=000000000000000 VALID=0
ACT: LFSR=001111100011000 CRC=000000000000000 VALID=0
[PASS @ CYCLE 17] TOTAL=16 FAIL=0

[CYCLE 17]
IN : DV=1 DIN=0 INIT=0 CAP=0
EXP: LFSR=111110001100000 CRC=000000000000000 VALID=0
ACT: LFSR=011111000110000 CRC=000000000000000 VALID=0
[PASS @ CYCLE 18] TOTAL=17 FAIL=0
FinishedThe Result for {name}: 
		Total TC: 17		Pass TC: 17		Failed TC: 0

Executing checker_board

[CYCLE 0]
IN : DV=1 DIN=1 INIT=0 CAP=0
EXP: LFSR=100010110011001 CRC=000000000000000 VALID=0
ACT: LFSR=000000000000000 CRC=000000000000000 VALID=0

[CYCLE 1]
IN : DV=1 DIN=0 INIT=0 CAP=0
EXP: LFSR=100111010101011 CRC=000000000000000 VALID=0
ACT: LFSR=100010110011001 CRC=000000000000000 VALID=0
[PASS @ CYCLE 2] TOTAL=1 FAIL=0

[CYCLE 2]
IN : DV=1 DIN=1 INIT=0 CAP=0
EXP: LFSR=001110101010110 CRC=000000000000000 VALID=0
ACT: LFSR=100111010101011 CRC=000000000000000 VALID=0
[PASS @ CYCLE 3] TOTAL=2 FAIL=0

[CYCLE 3]
IN : DV=1 DIN=0 INIT=0 CAP=0
EXP: LFSR=011101010101100 CRC=000000000000000 VALID=0
ACT: LFSR=001110101010110 CRC=000000000000000 VALID=0
[PASS @ CYCLE 4] TOTAL=3 FAIL=0

[CYCLE 4]
IN : DV=1 DIN=1 INIT=0 CAP=0
EXP: LFSR=011000011000001 CRC=000000000000000 VALID=0
ACT: LFSR=011101010101100 CRC=000000000000000 VALID=0
[PASS @ CYCLE 5] TOTAL=4 FAIL=0

[CYCLE 5]
IN : DV=1 DIN=0 INIT=0 CAP=0
EXP: LFSR=110000110000010 CRC=000000000000000 VALID=0
ACT: LFSR=011000011000001 CRC=000000000000000 VALID=0
[PASS @ CYCLE 6] TOTAL=5 FAIL=0

[CYCLE 6]
IN : DV=1 DIN=1 INIT=0 CAP=0
EXP: LFSR=100001100000100 CRC=000000000000000 VALID=0
ACT: LFSR=110000110000010 CRC=000000000000000 VALID=0
[PASS @ CYCLE 7] TOTAL=6 FAIL=0

[CYCLE 7]
IN : DV=1 DIN=0 INIT=0 CAP=0
EXP: LFSR=100001110010001 CRC=000000000000000 VALID=0
ACT: LFSR=100001100000100 CRC=000000000000000 VALID=0
[PASS @ CYCLE 8] TOTAL=7 FAIL=0

[CYCLE 8]
IN : DV=1 DIN=0 INIT=0 CAP=0
EXP: LFSR=100001010111011 CRC=000000000000000 VALID=0
ACT: LFSR=100001110010001 CRC=000000000000000 VALID=0
[PASS @ CYCLE 9] TOTAL=8 FAIL=0

[CYCLE 9]
IN : DV=1 DIN=1 INIT=0 CAP=0
EXP: LFSR=000010101110110 CRC=000000000000000 VALID=0
ACT: LFSR=100001010111011 CRC=000000000000000 VALID=0
[PASS @ CYCLE 10] TOTAL=9 FAIL=0

[CYCLE 10]
IN : DV=1 DIN=0 INIT=0 CAP=0
EXP: LFSR=000101011101100 CRC=000000000000000 VALID=0
ACT: LFSR=000010101110110 CRC=000000000000000 VALID=0
[PASS @ CYCLE 11] TOTAL=10 FAIL=0

[CYCLE 11]
IN : DV=1 DIN=1 INIT=0 CAP=0
EXP: LFSR=101000001000001 CRC=000000000000000 VALID=0
ACT: LFSR=000101011101100 CRC=000000000000000 VALID=0
[PASS @ CYCLE 12] TOTAL=11 FAIL=0

[CYCLE 12]
IN : DV=1 DIN=0 INIT=0 CAP=0
EXP: LFSR=110010100011011 CRC=000000000000000 VALID=0
ACT: LFSR=101000001000001 CRC=000000000000000 VALID=0
[PASS @ CYCLE 13] TOTAL=12 FAIL=0

[CYCLE 13]
IN : DV=1 DIN=1 INIT=0 CAP=0
EXP: LFSR=100101000110110 CRC=000000000000000 VALID=0
ACT: LFSR=110010100011011 CRC=000000000000000 VALID=0
[PASS @ CYCLE 14] TOTAL=13 FAIL=0

[CYCLE 14]
IN : DV=1 DIN=0 INIT=0 CAP=0
EXP: LFSR=101000111110101 CRC=000000000000000 VALID=0
ACT: LFSR=100101000110110 CRC=000000000000000 VALID=0
[PASS @ CYCLE 15] TOTAL=14 FAIL=0

[CYCLE 15]
IN : DV=1 DIN=1 INIT=0 CAP=0
EXP: LFSR=010001111101010 CRC=000000000000000 VALID=0
ACT: LFSR=101000111110101 CRC=000000000000000 VALID=0
[PASS @ CYCLE 16] TOTAL=15 FAIL=0

[CYCLE 16]
IN : DV=1 DIN=1 INIT=0 CAP=0
EXP: LFSR=000001001001101 CRC=000000000000000 VALID=0
ACT: LFSR=010001111101010 CRC=000000000000000 VALID=0
[PASS @ CYCLE 17] TOTAL=16 FAIL=0

[CYCLE 17]
IN : DV=1 DIN=1 INIT=0 CAP=0
EXP: LFSR=100000100000011 CRC=000000000000000 VALID=0
ACT: LFSR=000001001001101 CRC=000000000000000 VALID=0
[PASS @ CYCLE 18] TOTAL=17 FAIL=0
FinishedThe Result for {name}: 
		Total TC: 17		Pass TC: 17		Failed TC: 0

Executing random_pattern_val

[CYCLE 0]
IN : DV=1 DIN=1 INIT=0 CAP=0
EXP: LFSR=100010110011001 CRC=000000000000000 VALID=0
ACT: LFSR=000000000000000 CRC=000000000000000 VALID=0

[CYCLE 1]
IN : DV=1 DIN=0 INIT=0 CAP=0
EXP: LFSR=100111010101011 CRC=000000000000000 VALID=0
ACT: LFSR=100010110011001 CRC=000000000000000 VALID=0
[PASS @ CYCLE 2] TOTAL=1 FAIL=0

[CYCLE 2]
IN : DV=1 DIN=1 INIT=0 CAP=0
EXP: LFSR=001110101010110 CRC=000000000000000 VALID=0
ACT: LFSR=100111010101011 CRC=000000000000000 VALID=0
[PASS @ CYCLE 3] TOTAL=2 FAIL=0

[CYCLE 3]
IN : DV=1 DIN=1 INIT=0 CAP=0
EXP: LFSR=111111100110101 CRC=000000000000000 VALID=0
ACT: LFSR=001110101010110 CRC=000000000000000 VALID=0
[PASS @ CYCLE 4] TOTAL=3 FAIL=0

[CYCLE 4]
IN : DV=1 DIN=1 INIT=0 CAP=0
EXP: LFSR=111111001101010 CRC=000000000000000 VALID=0
ACT: LFSR=111111100110101 CRC=000000000000000 VALID=0
[PASS @ CYCLE 5] TOTAL=4 FAIL=0

[CYCLE 5]
IN : DV=1 DIN=0 INIT=0 CAP=0
EXP: LFSR=011100101001101 CRC=000000000000000 VALID=0
ACT: LFSR=111111001101010 CRC=000000000000000 VALID=0
[PASS @ CYCLE 6] TOTAL=5 FAIL=0

[CYCLE 6]
IN : DV=1 DIN=1 INIT=0 CAP=0
EXP: LFSR=011011100000011 CRC=000000000000000 VALID=0
ACT: LFSR=011100101001101 CRC=000000000000000 VALID=0
[PASS @ CYCLE 7] TOTAL=6 FAIL=0

[CYCLE 7]
IN : DV=1 DIN=0 INIT=0 CAP=0
EXP: LFSR=110111000000110 CRC=000000000000000 VALID=0
ACT: LFSR=011011100000011 CRC=000000000000000 VALID=0
[PASS @ CYCLE 8] TOTAL=7 FAIL=0

[CYCLE 8]
IN : DV=1 DIN=1 INIT=0 CAP=0
EXP: LFSR=101110000001100 CRC=000000000000000 VALID=0
ACT: LFSR=110111000000110 CRC=000000000000000 VALID=0
[PASS @ CYCLE 9] TOTAL=8 FAIL=0

[CYCLE 9]
IN : DV=1 DIN=0 INIT=0 CAP=0
EXP: LFSR=111110110000001 CRC=000000000000000 VALID=0
ACT: LFSR=101110000001100 CRC=000000000000000 VALID=0
[PASS @ CYCLE 10] TOTAL=9 FAIL=0

[CYCLE 10]
IN : DV=1 DIN=0 INIT=0 CAP=0
EXP: LFSR=011111010011011 CRC=000000000000000 VALID=0
ACT: LFSR=111110110000001 CRC=000000000000000 VALID=0
[PASS @ CYCLE 11] TOTAL=10 FAIL=0

[CYCLE 11]
IN : DV=1 DIN=1 INIT=0 CAP=0
EXP: LFSR=011100010101111 CRC=000000000000000 VALID=0
ACT: LFSR=011111010011011 CRC=000000000000000 VALID=0
[PASS @ CYCLE 12] TOTAL=11 FAIL=0

[CYCLE 12]
IN : DV=1 DIN=0 INIT=0 CAP=0
EXP: LFSR=111000101011110 CRC=000000000000000 VALID=0
ACT: LFSR=011100010101111 CRC=000000000000000 VALID=0
[PASS @ CYCLE 13] TOTAL=12 FAIL=0

[CYCLE 13]
IN : DV=1 DIN=0 INIT=0 CAP=0
EXP: LFSR=010011100100101 CRC=000000000000000 VALID=0
ACT: LFSR=111000101011110 CRC=000000000000000 VALID=0
[PASS @ CYCLE 14] TOTAL=13 FAIL=0

[CYCLE 14]
IN : DV=1 DIN=1 INIT=0 CAP=0
EXP: LFSR=000101111010011 CRC=000000000000000 VALID=0
ACT: LFSR=010011100100101 CRC=000000000000000 VALID=0
[PASS @ CYCLE 15] TOTAL=14 FAIL=0

[CYCLE 15]
IN : DV=1 DIN=0 INIT=0 CAP=0
EXP: LFSR=001011110100110 CRC=000000000000000 VALID=0
ACT: LFSR=000101111010011 CRC=000000000000000 VALID=0
[PASS @ CYCLE 16] TOTAL=15 FAIL=0

[CYCLE 16]
IN : DV=1 DIN=0 INIT=0 CAP=0
EXP: LFSR=010111101001100 CRC=000000000000000 VALID=0
ACT: LFSR=001011110100110 CRC=000000000000000 VALID=0
[PASS @ CYCLE 17] TOTAL=16 FAIL=0

[CYCLE 17]
IN : DV=1 DIN=0 INIT=0 CAP=0
EXP: LFSR=101111010011000 CRC=000000000000000 VALID=0
ACT: LFSR=010111101001100 CRC=000000000000000 VALID=0
[PASS @ CYCLE 18] TOTAL=17 FAIL=0
FinishedThe Result for {name}: 
		Total TC: 17		Pass TC: 17		Failed TC: 0

Executing random_pattern_en

[CYCLE 0]
IN : DV=1 DIN=1 INIT=0 CAP=0
EXP: LFSR=100010110011001 CRC=000000000000000 VALID=0
ACT: LFSR=000000000000000 CRC=000000000000000 VALID=0

[CYCLE 1]
IN : DV=1 DIN=1 INIT=0 CAP=0
EXP: LFSR=000101100110010 CRC=000000000000000 VALID=0
ACT: LFSR=100010110011001 CRC=000000000000000 VALID=0
[PASS @ CYCLE 2] TOTAL=1 FAIL=0

[CYCLE 2]
IN : DV=1 DIN=1 INIT=0 CAP=0
EXP: LFSR=101001111111101 CRC=000000000000000 VALID=0
ACT: LFSR=000101100110010 CRC=000000000000000 VALID=0
[PASS @ CYCLE 3] TOTAL=2 FAIL=0

[CYCLE 3]
IN : DV=1 DIN=1 INIT=0 CAP=0
EXP: LFSR=010011111111010 CRC=000000000000000 VALID=0
ACT: LFSR=101001111111101 CRC=000000000000000 VALID=0
[PASS @ CYCLE 4] TOTAL=3 FAIL=0

[CYCLE 4]
IN : DV=1 DIN=1 INIT=0 CAP=0
EXP: LFSR=000101001101101 CRC=000000000000000 VALID=0
ACT: LFSR=010011111111010 CRC=000000000000000 VALID=0
[PASS @ CYCLE 5] TOTAL=4 FAIL=0

[CYCLE 5]
IN : DV=1 DIN=0 INIT=0 CAP=0
EXP: LFSR=001010011011010 CRC=000000000000000 VALID=0
ACT: LFSR=000101001101101 CRC=000000000000000 VALID=0
[PASS @ CYCLE 6] TOTAL=5 FAIL=0

[CYCLE 6]
IN : DV=1 DIN=1 INIT=0 CAP=0
EXP: LFSR=110110000101101 CRC=000000000000000 VALID=0
ACT: LFSR=001010011011010 CRC=000000000000000 VALID=0
[PASS @ CYCLE 7] TOTAL=6 FAIL=0

[CYCLE 7]
IN : DV=1 DIN=0 INIT=0 CAP=0
EXP: LFSR=001110111000011 CRC=000000000000000 VALID=0
ACT: LFSR=110110000101101 CRC=000000000000000 VALID=0
[PASS @ CYCLE 8] TOTAL=7 FAIL=0

[CYCLE 8]
IN : DV=1 DIN=1 INIT=0 CAP=0
EXP: LFSR=111111000011111 CRC=000000000000000 VALID=0
ACT: LFSR=001110111000011 CRC=000000000000000 VALID=0
[PASS @ CYCLE 9] TOTAL=8 FAIL=0

[CYCLE 9]
IN : DV=1 DIN=1 INIT=0 CAP=0
EXP: LFSR=111110000111110 CRC=000000000000000 VALID=0
ACT: LFSR=111111000011111 CRC=000000000000000 VALID=0
[PASS @ CYCLE 10] TOTAL=9 FAIL=0

[CYCLE 10]
IN : DV=1 DIN=1 INIT=0 CAP=0
EXP: LFSR=111100001111100 CRC=000000000000000 VALID=0
ACT: LFSR=111110000111110 CRC=000000000000000 VALID=0
[PASS @ CYCLE 11] TOTAL=10 FAIL=0

[CYCLE 11]
IN : DV=1 DIN=1 INIT=0 CAP=0
EXP: LFSR=111000011111000 CRC=000000000000000 VALID=0
ACT: LFSR=111100001111100 CRC=000000000000000 VALID=0
[PASS @ CYCLE 12] TOTAL=11 FAIL=0
FinishedThe Result for {name}: 
		Total TC: 11		Pass TC: 11		Failed TC: 0

Executing random_pattern_rst

[CYCLE 0]
IN : DV=1 DIN=0 INIT=0 CAP=0
EXP: LFSR=000000000000000 CRC=000000000000000 VALID=0
ACT: LFSR=000000000000000 CRC=000000000000000 VALID=0

[CYCLE 1]
IN : DV=1 DIN=0 INIT=0 CAP=0
EXP: LFSR=000000000000000 CRC=000000000000000 VALID=0
ACT: LFSR=000000000000000 CRC=000000000000000 VALID=0
[PASS @ CYCLE 2] TOTAL=1 FAIL=0

[CYCLE 2]
IN : DV=1 DIN=0 INIT=0 CAP=0
EXP: LFSR=000000000000000 CRC=000000000000000 VALID=0
ACT: LFSR=000000000000000 CRC=000000000000000 VALID=0
[PASS @ CYCLE 3] TOTAL=2 FAIL=0

[CYCLE 3]
IN : DV=1 DIN=1 INIT=0 CAP=0
EXP: LFSR=000000000000000 CRC=000000000000000 VALID=0
ACT: LFSR=000000000000000 CRC=000000000000000 VALID=0
[PASS @ CYCLE 4] TOTAL=3 FAIL=0

[CYCLE 4]
IN : DV=1 DIN=1 INIT=0 CAP=0
EXP: LFSR=000000000000000 CRC=000000000000000 VALID=0
ACT: LFSR=000000000000000 CRC=000000000000000 VALID=0
[PASS @ CYCLE 5] TOTAL=4 FAIL=0

[CYCLE 5]
IN : DV=1 DIN=0 INIT=0 CAP=0
EXP: LFSR=000000000000000 CRC=000000000000000 VALID=0
ACT: LFSR=000000000000000 CRC=000000000000000 VALID=0
[PASS @ CYCLE 6] TOTAL=5 FAIL=0

[CYCLE 6]
IN : DV=1 DIN=0 INIT=0 CAP=0
EXP: LFSR=000000000000000 CRC=000000000000000 VALID=0
ACT: LFSR=000000000000000 CRC=000000000000000 VALID=0
[PASS @ CYCLE 7] TOTAL=6 FAIL=0

[CYCLE 7]
IN : DV=1 DIN=0 INIT=0 CAP=0
EXP: LFSR=000000000000000 CRC=000000000000000 VALID=0
ACT: LFSR=000000000000000 CRC=000000000000000 VALID=0
[PASS @ CYCLE 8] TOTAL=7 FAIL=0

[CYCLE 8]
IN : DV=1 DIN=0 INIT=0 CAP=0
EXP: LFSR=000000000000000 CRC=000000000000000 VALID=0
ACT: LFSR=000000000000000 CRC=000000000000000 VALID=0
[PASS @ CYCLE 9] TOTAL=8 FAIL=0

[CYCLE 9]
IN : DV=1 DIN=0 INIT=0 CAP=0
EXP: LFSR=000000000000000 CRC=000000000000000 VALID=0
ACT: LFSR=000000000000000 CRC=000000000000000 VALID=0
[PASS @ CYCLE 10] TOTAL=9 FAIL=0

[CYCLE 10]
IN : DV=1 DIN=0 INIT=0 CAP=0
EXP: LFSR=000000000000000 CRC=000000000000000 VALID=0
ACT: LFSR=000000000000000 CRC=000000000000000 VALID=0
[PASS @ CYCLE 11] TOTAL=10 FAIL=0

[CYCLE 11]
IN : DV=1 DIN=0 INIT=0 CAP=0
EXP: LFSR=000000000000000 CRC=000000000000000 VALID=0
ACT: LFSR=000000000000000 CRC=000000000000000 VALID=0
[PASS @ CYCLE 12] TOTAL=11 FAIL=0

[CYCLE 12]
IN : DV=1 DIN=0 INIT=0 CAP=0
EXP: LFSR=000000000000000 CRC=000000000000000 VALID=0
ACT: LFSR=000000000000000 CRC=000000000000000 VALID=0
[PASS @ CYCLE 13] TOTAL=12 FAIL=0

[CYCLE 13]
IN : DV=1 DIN=1 INIT=0 CAP=0
EXP: LFSR=000000000000000 CRC=000000000000000 VALID=0
ACT: LFSR=000000000000000 CRC=000000000000000 VALID=0
[PASS @ CYCLE 14] TOTAL=13 FAIL=0

[CYCLE 14]
IN : DV=1 DIN=0 INIT=0 CAP=0
EXP: LFSR=000000000000000 CRC=000000000000000 VALID=0
ACT: LFSR=000000000000000 CRC=000000000000000 VALID=0
[PASS @ CYCLE 15] TOTAL=14 FAIL=0

[CYCLE 15]
IN : DV=1 DIN=0 INIT=0 CAP=0
EXP: LFSR=000000000000000 CRC=000000000000000 VALID=0
ACT: LFSR=000000000000000 CRC=000000000000000 VALID=0
[PASS @ CYCLE 16] TOTAL=15 FAIL=0

[CYCLE 16]
IN : DV=1 DIN=0 INIT=0 CAP=0
EXP: LFSR=000000000000000 CRC=000000000000000 VALID=0
ACT: LFSR=000000000000000 CRC=000000000000000 VALID=0
[PASS @ CYCLE 17] TOTAL=16 FAIL=0

[CYCLE 17]
IN : DV=1 DIN=0 INIT=0 CAP=0
EXP: LFSR=000000000000000 CRC=000000000000000 VALID=0
ACT: LFSR=000000000000000 CRC=000000000000000 VALID=0
[PASS @ CYCLE 18] TOTAL=17 FAIL=0
FinishedThe Result for {name}: 
		Total TC: 17		Pass TC: 17		Failed TC: 0


[CYCLE 0]
IN : DV=0 DIN=0 INIT=0 CAP=1
EXP: LFSR=000000000000000 CRC=000000000000000 VALID=1
ACT: LFSR=000000000000000 CRC=000000000000000 VALID=0
