-----------------------------------------
Driving Transaction
========================================
[INFO ] 55000 : ID   = 7c7
[INFO ] 55000 : DLC  = 8
[INFO ] 55000 : DATA = bc047f5c67986adf
-----------------------------------------
Driving Transaction
========================================
[INFO ] 75000 : ID   = 523
[INFO ] 75000 : DLC  = 2
[INFO ] 75000 : DATA = 9b227d0cac34025e
-----------------------------------------
Driving Transaction
========================================
[INFO ] 1175000 : ID   = 094
[INFO ] 1175000 : DLC  = 2
[INFO ] 1175000 : DATA = 1a189f37567e0441
-----------------------------------------
Driving Transaction
========================================
[INFO ] 1195000 : ID   = 6d5
[INFO ] 1195000 : DLC  = 3
[INFO ] 1195000 : DATA = 3f2287eedfc73f7c
-----------------------------------------
Driving Transaction
========================================
[INFO ] 2295000 : ID   = 37e
[INFO ] 2295000 : DLC  = 2
[INFO ] 2295000 : DATA = 133687084a5b1c9f
-----------------------------------------
Driving Transaction
========================================
[INFO ] 2315000 : ID   = 6d5
[INFO ] 2315000 : DLC  = 7
[INFO ] 2315000 : DATA = 9f165e65af6ce603
