-----------------------------------------
Output Monitor
========================================
[INFO ] 1175000 : SOF=0
[INFO ] 1175000 : ID=7c7
[INFO ] 1175000 : RTR=0
[INFO ] 1175000 : IDE=0
[INFO ] 1175000 : DLC=8
[INFO ] 1175000 : DATA=bc047f5c67986adf
[INFO ] 1175000 : CRC=0c28
[INFO ] 1175000 : CRC_DELIM=1
[INFO ] 1175000 : TRAILER=111111111111
-----------------------------------------
Output Monitor
========================================
[INFO ] 2295000 : SOF=0
[INFO ] 2295000 : ID=094
[INFO ] 2295000 : RTR=0
[INFO ] 2295000 : IDE=1
[INFO ] 2295000 : DLC=2
[INFO ] 2295000 : DATA=1a189f37567e0441
[INFO ] 2295000 : CRC=286e
[INFO ] 2295000 : CRC_DELIM=1
[INFO ] 2295000 : TRAILER=111111111111
